Archive member included to satisfy reference by file (symbol)

/Applications/ArmGNUToolchain/13.3.rel1/arm-none-eabi/bin/../lib/gcc/arm-none-eabi/13.3.1/thumb/v6-m/nofp/libgcc.a(_dvmd_tls.o)
                              CMakeFiles/boilerplate.dir/Users/james/Library/CloudStorage/Dropbox/Apps/pico/pico-sdk/src/rp2_common/pico_divider/divider_hardware.S.obj (__aeabi_idiv0)
/Applications/ArmGNUToolchain/13.3.rel1/arm-none-eabi/bin/../lib/gcc/arm-none-eabi/13.3.1/../../../../arm-none-eabi/lib/thumb/v6-m/nofp/libg.a(libc_a-calloc.o)
                              CMakeFiles/boilerplate.dir/Users/james/Library/CloudStorage/Dropbox/Apps/pico/pico-sdk/src/rp2_common/pico_malloc/malloc.c.obj (calloc)
/Applications/ArmGNUToolchain/13.3.rel1/arm-none-eabi/bin/../lib/gcc/arm-none-eabi/13.3.1/../../../../arm-none-eabi/lib/thumb/v6-m/nofp/libg.a(libc_a-callocr.o)
                              /Applications/ArmGNUToolchain/13.3.rel1/arm-none-eabi/bin/../lib/gcc/arm-none-eabi/13.3.1/../../../../arm-none-eabi/lib/thumb/v6-m/nofp/libg.a(libc_a-calloc.o) (_calloc_r)
/Applications/ArmGNUToolchain/13.3.rel1/arm-none-eabi/bin/../lib/gcc/arm-none-eabi/13.3.1/../../../../arm-none-eabi/lib/thumb/v6-m/nofp/libg.a(libc_a-malloc.o)
                              CMakeFiles/boilerplate.dir/Users/james/Library/CloudStorage/Dropbox/Apps/pico/pico-sdk/src/rp2_common/pico_malloc/malloc.c.obj (malloc)
/Applications/ArmGNUToolchain/13.3.rel1/arm-none-eabi/bin/../lib/gcc/arm-none-eabi/13.3.1/../../../../arm-none-eabi/lib/thumb/v6-m/nofp/libg.a(libc_a-mallocr.o)
                              /Applications/ArmGNUToolchain/13.3.rel1/arm-none-eabi/bin/../lib/gcc/arm-none-eabi/13.3.1/../../../../arm-none-eabi/lib/thumb/v6-m/nofp/libg.a(libc_a-callocr.o) (_malloc_r)
/Applications/ArmGNUToolchain/13.3.rel1/arm-none-eabi/bin/../lib/gcc/arm-none-eabi/13.3.1/../../../../arm-none-eabi/lib/thumb/v6-m/nofp/libg.a(libc_a-mlock.o)
                              /Applications/ArmGNUToolchain/13.3.rel1/arm-none-eabi/bin/../lib/gcc/arm-none-eabi/13.3.1/../../../../arm-none-eabi/lib/thumb/v6-m/nofp/libg.a(libc_a-mallocr.o) (__malloc_lock)
/Applications/ArmGNUToolchain/13.3.rel1/arm-none-eabi/bin/../lib/gcc/arm-none-eabi/13.3.1/../../../../arm-none-eabi/lib/thumb/v6-m/nofp/libg.a(libc_a-realloc.o)
                              CMakeFiles/boilerplate.dir/Users/james/Library/CloudStorage/Dropbox/Apps/pico/pico-sdk/src/rp2_common/pico_malloc/malloc.c.obj (realloc)
/Applications/ArmGNUToolchain/13.3.rel1/arm-none-eabi/bin/../lib/gcc/arm-none-eabi/13.3.1/../../../../arm-none-eabi/lib/thumb/v6-m/nofp/libg.a(libc_a-reallocr.o)
                              /Applications/ArmGNUToolchain/13.3.rel1/arm-none-eabi/bin/../lib/gcc/arm-none-eabi/13.3.1/../../../../arm-none-eabi/lib/thumb/v6-m/nofp/libg.a(libc_a-realloc.o) (_realloc_r)
/Applications/ArmGNUToolchain/13.3.rel1/arm-none-eabi/bin/../lib/gcc/arm-none-eabi/13.3.1/../../../../arm-none-eabi/lib/thumb/v6-m/nofp/libg.a(libc_a-memcmp.o)
                              CMakeFiles/boilerplate.dir/Users/james/Library/CloudStorage/Dropbox/Apps/pico/pico-sdk/src/rp2_common/pico_atomic/atomic.c.obj (memcmp)
/Applications/ArmGNUToolchain/13.3.rel1/arm-none-eabi/bin/../lib/gcc/arm-none-eabi/13.3.1/../../../../arm-none-eabi/lib/thumb/v6-m/nofp/libg.a(libc_a-memmove.o)
                              /Applications/ArmGNUToolchain/13.3.rel1/arm-none-eabi/bin/../lib/gcc/arm-none-eabi/13.3.1/../../../../arm-none-eabi/lib/thumb/v6-m/nofp/libg.a(libc_a-reallocr.o) (memmove)
/Applications/ArmGNUToolchain/13.3.rel1/arm-none-eabi/bin/../lib/gcc/arm-none-eabi/13.3.1/../../../../arm-none-eabi/lib/thumb/v6-m/nofp/libg.a(libc_a-lcltime_r.o)
                              CMakeFiles/boilerplate.dir/Users/james/Library/CloudStorage/Dropbox/Apps/pico/pico-sdk/src/common/pico_util/datetime.c.obj (localtime_r)
/Applications/ArmGNUToolchain/13.3.rel1/arm-none-eabi/bin/../lib/gcc/arm-none-eabi/13.3.1/../../../../arm-none-eabi/lib/thumb/v6-m/nofp/libg.a(libc_a-mktime.o)
                              CMakeFiles/boilerplate.dir/Users/james/Library/CloudStorage/Dropbox/Apps/pico/pico-sdk/src/common/pico_util/datetime.c.obj (mktime)
/Applications/ArmGNUToolchain/13.3.rel1/arm-none-eabi/bin/../lib/gcc/arm-none-eabi/13.3.1/../../../../arm-none-eabi/lib/thumb/v6-m/nofp/libg.a(libc_a-month_lengths.o)
                              /Applications/ArmGNUToolchain/13.3.rel1/arm-none-eabi/bin/../lib/gcc/arm-none-eabi/13.3.1/../../../../arm-none-eabi/lib/thumb/v6-m/nofp/libg.a(libc_a-lcltime_r.o) (__month_lengths)
/Applications/ArmGNUToolchain/13.3.rel1/arm-none-eabi/bin/../lib/gcc/arm-none-eabi/13.3.1/../../../../arm-none-eabi/lib/thumb/v6-m/nofp/libg.a(libc_a-tzcalc_limits.o)
                              /Applications/ArmGNUToolchain/13.3.rel1/arm-none-eabi/bin/../lib/gcc/arm-none-eabi/13.3.1/../../../../arm-none-eabi/lib/thumb/v6-m/nofp/libg.a(libc_a-lcltime_r.o) (__tzcalc_limits)
[...]
Memory Configuration

Name             Origin             Length             Attributes
FLASH            0x10000000         0x00200000         xr
RAM              0x20000000         0x00040000         xrw
SCRATCH_X        0x20040000         0x00001000         xrw
SCRATCH_Y        0x20041000         0x00001000         xrw
*default*        0x00000000         0xffffffff

Linker script and memory map

LOAD /Applications/ArmGNUToolchain/13.3.rel1/arm-none-eabi/bin/../lib/gcc/arm-none-eabi/13.3.1/thumb/v6-m/nofp/crti.o
LOAD /Applications/ArmGNUToolchain/13.3.rel1/arm-none-eabi/bin/../lib/gcc/arm-none-eabi/13.3.1/thumb/v6-m/nofp/crtbegin.o
LOAD /Applications/ArmGNUToolchain/13.3.rel1/arm-none-eabi/bin/../lib/gcc/arm-none-eabi/13.3.1/../../../../arm-none-eabi/lib/thumb/v6-m/nofp/crt0.o

.flash_begin    0x10000000        0x0
                0x10000000                        __flash_binary_start = .

.boot2          0x10000000      0x100
                0x10000000                        __boot2_start__ = .
 *(.boot2)
 .boot2         0x10000000      0x100 /var/folders/vk/cdq86bws31v9sfd5jc77md0h0000gn/T//ccbw3tZt.o
                0x10000100                        __boot2_end__ = .
                0x00000001                        ASSERT (((__boot2_end__ - __boot2_start__) == 0x100), ERROR: Pico second stage bootloader must be 256 bytes in size)

.text           0x10000100     0x1a38
                0x10000100                        __logical_binary_start = .
 *(.vectors)
 .vectors       0x10000100       0xd4 CMakeFiles/boilerplate.dir/Users/james/Library/CloudStorage/Dropbox/Apps/pico/pico-sdk/src/rp2_common/pico_crt0/crt0.S.obj
                0x10000100                __VECTOR_TABLE
                0x10000100                __vectors
                0x100001c0                __default_isrs_start
                0x100001c0                isr_invalid
                0x100001c2                isr_nmi
                0x100001c4                isr_hardfault
                0x100001c6                isr_svcall
                0x100001c8                isr_pendsv
                0x100001ca                isr_systick
                0x100001cc                isr_irq28
                0x100001cc                isr_irq19
                0x100001cc                isr_irq0
                0x100001cc                isr_irq6
                0x100001cc                isr_irq22
                0x100001cc                isr_irq17
                0x100001cc                isr_irq14
                0x100001cc                isr_irq2
                0x100001cc                isr_irq10
                0x100001cc                isr_irq8
                0x100001cc                isr_irq24
                0x100001cc                isr_irq1
                0x100001cc                isr_irq7
                0x100001cc                isr_irq21
                0x100001cc                isr_irq20
                0x100001cc                isr_irq15
                0x100001cc                isr_irq25
                0x100001cc                isr_irq4
                0x100001cc                isr_irq16
                0x100001cc                isr_irq29
                0x100001cc                isr_irq26
                0x100001cc                __default_isrs_end
                0x100001cc                isr_irq3
                0x100001cc                isr_irq9
                0x100001cc                __unhandled_user_irq
                0x100001cc                isr_irq13
                0x100001cc                isr_irq27
                0x100001cc                isr_irq31
                0x100001cc                isr_irq5
                0x100001cc                isr_irq11
                0x100001cc                isr_irq23
                0x100001cc                isr_irq18
                0x100001cc                isr_irq30
                0x100001cc                isr_irq12
                0x100001d2                unhandled_user_irq_num_in_r0
 *(.binary_info_header)
 .binary_info_header
                0x100001d4       0x14 CMakeFiles/boilerplate.dir/Users/james/Library/CloudStorage/Dropbox/Apps/pico/pico-sdk/src/rp2_common/pico_crt0/crt0.S.obj
                0x100001e8                        __binary_info_header_end = .
 *(.embedded_block)
                0x100001e8                        __embedded_block_end = .
 *(.reset)
 .reset         0x100001e8       0x9c CMakeFiles/boilerplate.dir/Users/james/Library/CloudStorage/Dropbox/Apps/pico/pico-sdk/src/rp2_common/pico_crt0/crt0.S.obj
                0x100001e8                _entry_point
 *(.init)
 .init          0x10000284        0x4 /Applications/ArmGNUToolchain/13.3.rel1/arm-none-eabi/bin/../lib/gcc/arm-none-eabi/13.3.1/thumb/v6-m/nofp/crti.o
                0x10000284                _init
 *(EXCLUDE_FILE(*libm.a: *libc.a:*lib_a-mem*.o *libgcc.a:) .text*)
 .text.register_tm_clones
                0x10000288       0x28 /Applications/ArmGNUToolchain/13.3.rel1/arm-none-eabi/bin/../lib/gcc/arm-none-eabi/13.3.1/thumb/v6-m/nofp/crtbegin.o
 .text.frame_dummy
                0x100002b0       0x24 /Applications/ArmGNUToolchain/13.3.rel1/arm-none-eabi/bin/../lib/gcc/arm-none-eabi/13.3.1/thumb/v6-m/nofp/crtbegin.o
 .text.startup.main
                0x100002d4       0x14 CMakeFiles/boilerplate.dir/src/main.cpp.obj
                0x100002d4                main
 .text.setup_default_uart
                0x100002e8        0x8 CMakeFiles/boilerplate.dir/Users/james/Library/CloudStorage/Dropbox/Apps/pico/pico-sdk/src/rp2_common/pico_stdlib/stdlib.c.obj
                0x100002e8                setup_default_uart
 .text.gpio_set_function
                0x100002f0       0x34 CMakeFiles/boilerplate.dir/Users/james/Library/CloudStorage/Dropbox/Apps/pico/pico-sdk/src/rp2_common/hardware_gpio/gpio.c.obj
                0x100002f0                gpio_set_function
 .text.panic    0x10000324       0x30 CMakeFiles/boilerplate.dir/Users/james/Library/CloudStorage/Dropbox/Apps/pico/pico-sdk/src/rp2_common/pico_platform_panic/panic.c.obj
                0x10000324                panic
 .text.hw_claim_or_assert
                0x10000354       0x44 CMakeFiles/boilerplate.dir/Users/james/Library/CloudStorage/Dropbox/Apps/pico/pico-sdk/src/common/hardware_claim/claim.c.obj
                0x10000354                hw_claim_or_assert
 .text.next_striped_spin_lock_num
                0x10000398       0x18 CMakeFiles/boilerplate.dir/Users/james/Library/CloudStorage/Dropbox/Apps/pico/pico-sdk/src/rp2_common/hardware_sync/sync.c.obj
                0x10000398                next_striped_spin_lock_num
 .text.spin_locks_reset
                0x100003b0       0x1c CMakeFiles/boilerplate.dir/Users/james/Library/CloudStorage/Dropbox/Apps/pico/pico-sdk/src/rp2_common/hardware_sync_spin_lock/sync_spin_lock.c.obj
                0x100003b0                spin_locks_reset
 .text.runtime_init_per_core_irq_priorities
                0x100003cc       0x24 CMakeFiles/boilerplate.dir/Users/james/Library/CloudStorage/Dropbox/Apps/pico/pico-sdk/src/rp2_common/hardware_irq/irq.c.obj
                0x100003cc                runtime_init_per_core_irq_priorities
 .text.irq_set_enabled
                0x100003f0       0x24 CMakeFiles/boilerplate.dir/Users/james/Library/CloudStorage/Dropbox/Apps/pico/pico-sdk/src/rp2_common/hardware_irq/irq.c.obj
                0x100003f0                irq_set_enabled
 .text.irq_set_exclusive_handler
                0x10000414       0x54 CMakeFiles/boilerplate.dir/Users/james/Library/CloudStorage/Dropbox/Apps/pico/pico-sdk/src/rp2_common/hardware_irq/irq.c.obj
                0x10000414                irq_set_exclusive_handler
 .text.irq_remove_handler
                0x10000468      0x1d4 CMakeFiles/boilerplate.dir/Users/james/Library/CloudStorage/Dropbox/Apps/pico/pico-sdk/src/rp2_common/hardware_irq/irq.c.obj
                0x10000468                irq_remove_handler
 .text.irq_add_tail_to_free_list
                0x1000063c       0xb4 CMakeFiles/boilerplate.dir/Users/james/Library/CloudStorage/Dropbox/Apps/pico/pico-sdk/src/rp2_common/hardware_irq/irq.c.obj
                0x1000063c                irq_add_tail_to_free_list
 .text.lock_init
                0x100006f0       0x10 CMakeFiles/boilerplate.dir/Users/james/Library/CloudStorage/Dropbox/Apps/pico/pico-sdk/src/common/pico_sync/lock_core.c.obj
                0x100006f0                lock_init
 .text.runtime_init_mutex
                0x10000700       0x50 CMakeFiles/boilerplate.dir/Users/james/Library/CloudStorage/Dropbox/Apps/pico/pico-sdk/src/common/pico_sync/mutex.c.obj
                0x10000700                runtime_init_mutex
 .text.sleep_until_callback
                0x10000750       0x30 CMakeFiles/boilerplate.dir/Users/james/Library/CloudStorage/Dropbox/Apps/pico/pico-sdk/src/common/pico_time/time.c.obj
 .text.alarm_pool_irq_handler
                0x10000780      0x2e4 CMakeFiles/boilerplate.dir/Users/james/Library/CloudStorage/Dropbox/Apps/pico/pico-sdk/src/common/pico_time/time.c.obj
 .text.runtime_init_default_alarm_pool
                0x10000a64       0xdc CMakeFiles/boilerplate.dir/Users/james/Library/CloudStorage/Dropbox/Apps/pico/pico-sdk/src/common/pico_time/time.c.obj
                0x10000a64                runtime_init_default_alarm_pool
 .text.alarm_pool_cancel_alarm
                0x10000b40       0x74 CMakeFiles/boilerplate.dir/Users/james/Library/CloudStorage/Dropbox/Apps/pico/pico-sdk/src/common/pico_time/time.c.obj
                0x10000b40                alarm_pool_cancel_alarm
 .text.best_effort_wfe_or_timeout
                0x10000bb4      0x134 CMakeFiles/boilerplate.dir/Users/james/Library/CloudStorage/Dropbox/Apps/pico/pico-sdk/src/common/pico_time/time.c.obj
                0x10000bb4                best_effort_wfe_or_timeout
 .text.timer_hardware_alarm_claim
                0x10000ce8       0x14 CMakeFiles/boilerplate.dir/Users/james/Library/CloudStorage/Dropbox/Apps/pico/pico-sdk/src/rp2_common/hardware_timer/timer.c.obj
                0x10000ce8                timer_hardware_alarm_claim
 .text.timer_time_us_64
                0x10000cfc       0x10 CMakeFiles/boilerplate.dir/Users/james/Library/CloudStorage/Dropbox/Apps/pico/pico-sdk/src/rp2_common/hardware_timer/timer.c.obj
                0x10000cfc                timer_time_us_64
 .text.time_us_64
                0x10000d0c       0x14 CMakeFiles/boilerplate.dir/Users/james/Library/CloudStorage/Dropbox/Apps/pico/pico-sdk/src/rp2_common/hardware_timer/timer.c.obj
                0x10000d0c                time_us_64
 .text.busy_wait_us
                0x10000d20       0x68 CMakeFiles/boilerplate.dir/Users/james/Library/CloudStorage/Dropbox/Apps/pico/pico-sdk/src/rp2_common/hardware_timer/timer.c.obj
                0x10000d20                busy_wait_us
 .text.uart_init
                0x10000d88      0x120 CMakeFiles/boilerplate.dir/Users/james/Library/CloudStorage/Dropbox/Apps/pico/pico-sdk/src/rp2_common/hardware_uart/uart.c.obj
                0x10000d88                uart_init
 .text.clock_configure_int_divider
                0x10000ea8       0xf4 CMakeFiles/boilerplate.dir/Users/james/Library/CloudStorage/Dropbox/Apps/pico/pico-sdk/src/rp2_common/hardware_clocks/clocks.c.obj
                0x10000ea8                clock_configure_int_divider
 .text.clock_configure_undivided
                0x10000f9c       0xe8 CMakeFiles/boilerplate.dir/Users/james/Library/CloudStorage/Dropbox/Apps/pico/pico-sdk/src/rp2_common/hardware_clocks/clocks.c.obj
                0x10000f9c                clock_configure_undivided
 .text.clock_get_hz
                0x10001084        0xc CMakeFiles/boilerplate.dir/Users/james/Library/CloudStorage/Dropbox/Apps/pico/pico-sdk/src/rp2_common/hardware_clocks/clocks.c.obj
                0x10001084                clock_get_hz
 .text.pll_init
                0x10001090       0xa4 CMakeFiles/boilerplate.dir/Users/james/Library/CloudStorage/Dropbox/Apps/pico/pico-sdk/src/rp2_common/hardware_pll/pll.c.obj
                0x10001090                pll_init
 .text.tick_start
                0x10001134       0x10 CMakeFiles/boilerplate.dir/Users/james/Library/CloudStorage/Dropbox/Apps/pico/pico-sdk/src/rp2_common/hardware_ticks/ticks.c.obj
                0x10001134                tick_start
 .text.xosc_init
                0x10001144       0x28 CMakeFiles/boilerplate.dir/Users/james/Library/CloudStorage/Dropbox/Apps/pico/pico-sdk/src/rp2_common/hardware_xosc/xosc.c.obj
                0x10001144                xosc_init
 .text.first_per_core_initializer
                0x1000116c        0x4 CMakeFiles/boilerplate.dir/Users/james/Library/CloudStorage/Dropbox/Apps/pico/pico-sdk/src/rp2_common/pico_runtime/runtime.c.obj
 .text.hard_assertion_failure
                0x10001170        0xc CMakeFiles/boilerplate.dir/Users/james/Library/CloudStorage/Dropbox/Apps/pico/pico-sdk/src/rp2_common/pico_runtime/runtime.c.obj
                0x10001170                hard_assertion_failure
 .text.runtime_run_initializers
                0x1000117c       0x28 CMakeFiles/boilerplate.dir/Users/james/Library/CloudStorage/Dropbox/Apps/pico/pico-sdk/src/rp2_common/pico_runtime/runtime.c.obj
                0x1000117c                runtime_run_initializers
 .text.runtime_init_early_resets
                0x100011a4       0x2c CMakeFiles/boilerplate.dir/Users/james/Library/CloudStorage/Dropbox/Apps/pico/pico-sdk/src/rp2_common/pico_runtime_init/runtime_init.c.obj
                0x100011a4                runtime_init_early_resets
 .text.runtime_init_usb_power_down
                0x100011d0       0x1c CMakeFiles/boilerplate.dir/Users/james/Library/CloudStorage/Dropbox/Apps/pico/pico-sdk/src/rp2_common/pico_runtime_init/runtime_init.c.obj
                0x100011d0                runtime_init_usb_power_down
 .text.runtime_init_post_clock_resets
                0x100011ec       0x20 CMakeFiles/boilerplate.dir/Users/james/Library/CloudStorage/Dropbox/Apps/pico/pico-sdk/src/rp2_common/pico_runtime_init/runtime_init.c.obj
                0x100011ec                runtime_init_post_clock_resets
 .text.runtime_init_rp2040_gpio_ie_disable
                0x1000120c       0x14 CMakeFiles/boilerplate.dir/Users/james/Library/CloudStorage/Dropbox/Apps/pico/pico-sdk/src/rp2_common/pico_runtime_init/runtime_init.c.obj
                0x1000120c                runtime_init_rp2040_gpio_ie_disable
 .text.runtime_init_spin_locks_reset
                0x10001220        0x8 CMakeFiles/boilerplate.dir/Users/james/Library/CloudStorage/Dropbox/Apps/pico/pico-sdk/src/rp2_common/pico_runtime_init/runtime_init.c.obj
                0x10001220                runtime_init_spin_locks_reset
 .text.runtime_init_install_ram_vector_table
                0x10001228       0x1c CMakeFiles/boilerplate.dir/Users/james/Library/CloudStorage/Dropbox/Apps/pico/pico-sdk/src/rp2_common/pico_runtime_init/runtime_init.c.obj
                0x10001228                runtime_init_install_ram_vector_table
 .text.runtime_init_clocks
                0x10001244       0xd8 CMakeFiles/boilerplate.dir/Users/james/Library/CloudStorage/Dropbox/Apps/pico/pico-sdk/src/rp2_common/pico_runtime_init/runtime_init_clocks.c.obj
                0x10001244                runtime_init_clocks
 .text          0x1000131c       0x10 CMakeFiles/boilerplate.dir/Users/james/Library/CloudStorage/Dropbox/Apps/pico/pico-sdk/src/rp2_common/pico_bit_ops/bit_ops_aeabi.S.obj
 .text.rom_func_lookup
                0x1000132c       0x10 CMakeFiles/boilerplate.dir/Users/james/Library/CloudStorage/Dropbox/Apps/pico/pico-sdk/src/rp2_common/pico_bootrom/bootrom.c.obj
                0x1000132c                rom_func_lookup
 .text.rom_data_lookup
                0x1000133c       0x10 CMakeFiles/boilerplate.dir/Users/james/Library/CloudStorage/Dropbox/Apps/pico/pico-sdk/src/rp2_common/pico_bootrom/bootrom.c.obj
                0x1000133c                rom_data_lookup
 .text.rom_funcs_lookup
                0x1000134c       0x44 CMakeFiles/boilerplate.dir/Users/james/Library/CloudStorage/Dropbox/Apps/pico/pico-sdk/src/rp2_common/pico_bootrom/bootrom.c.obj
                0x1000134c                rom_funcs_lookup
 .text.__wrap___aeabi_uidiv
                0x10001390       0x4c CMakeFiles/boilerplate.dir/Users/james/Library/CloudStorage/Dropbox/Apps/pico/pico-sdk/src/rp2_common/pico_divider/divider_hardware.S.obj
                0x10001390                __wrap___aeabi_uidiv
                0x10001390                __wrap___aeabi_uidivmod
                0x10001390                div_u32u32
                0x10001390                divmod_u32u32
                0x10001398                divmod_u32u32_unsafe
                0x100013c0                divmod_u32u32_savestate
 .text.__aeabi_double_init
                0x100013dc       0xa4 CMakeFiles/boilerplate.dir/Users/james/Library/CloudStorage/Dropbox/Apps/pico/pico-sdk/src/rp2_common/pico_double/double_init_rom_rp2040.c.obj
                0x100013dc                __aeabi_double_init
 .text.double_table_shim_on_use_helper
                0x10001480       0x2c CMakeFiles/boilerplate.dir/Users/james/Library/CloudStorage/Dropbox/Apps/pico/pico-sdk/src/rp2_common/pico_double/double_v1_rom_shim_rp2040.S.obj
                0x10001480                double_table_shim_on_use_helper
 .text.__aeabi_float_init
                0x100014ac       0x64 CMakeFiles/boilerplate.dir/Users/james/Library/CloudStorage/Dropbox/Apps/pico/pico-sdk/src/rp2_common/pico_float/float_init_rom_rp2040.c.obj
                0x100014ac                __aeabi_float_init
 .text.float_table_shim_on_use_helper
                0x10001510       0x2c CMakeFiles/boilerplate.dir/Users/james/Library/CloudStorage/Dropbox/Apps/pico/pico-sdk/src/rp2_common/pico_float/float_v1_rom_shim_rp2040.S.obj
                0x10001510                float_table_shim_on_use_helper
 .text          0x1000153c       0x10 CMakeFiles/boilerplate.dir/Users/james/Library/CloudStorage/Dropbox/Apps/pico/pico-sdk/src/rp2_common/pico_mem_ops/mem_ops_aeabi.S.obj
                0x1000153c                __aeabi_mem_init
 .text.memcpy   0x1000154c        0xc CMakeFiles/boilerplate.dir/Users/james/Library/CloudStorage/Dropbox/Apps/pico/pico-sdk/src/rp2_common/pico_mem_ops/mem_ops_aeabi.S.obj
                0x1000154c                __wrap___aeabi_memcpy
                0x1000154c                __wrap_memcpy
 .text._out_char
                0x10001558       0x10 CMakeFiles/boilerplate.dir/Users/james/Library/CloudStorage/Dropbox/Apps/pico/pico-sdk/src/rp2_common/pico_printf/printf.c.obj
 .text.weak_raw_vprintf
                0x10001568       0x30 CMakeFiles/boilerplate.dir/Users/james/Library/CloudStorage/Dropbox/Apps/pico/pico-sdk/src/rp2_common/pico_printf/printf.c.obj
                0x10001568                weak_raw_vprintf
 .text._exit    0x10001598        0x4 CMakeFiles/boilerplate.dir/Users/james/Library/CloudStorage/Dropbox/Apps/pico/pico-sdk/src/rp2_common/pico_clib_interface/newlib_interface.c.obj
                0x10001598                _exit
 .text.exit     0x1000159c        0x8 CMakeFiles/boilerplate.dir/Users/james/Library/CloudStorage/Dropbox/Apps/pico/pico-sdk/src/rp2_common/pico_clib_interface/newlib_interface.c.obj
                0x1000159c                exit
 .text.runtime_init
                0x100015a4       0x2c CMakeFiles/boilerplate.dir/Users/james/Library/CloudStorage/Dropbox/Apps/pico/pico-sdk/src/rp2_common/pico_clib_interface/newlib_interface.c.obj
                0x100015a4                runtime_init
 .text.stdio_out_chars_no_crlf
                0x100015d0       0x10 CMakeFiles/boilerplate.dir/Users/james/Library/CloudStorage/Dropbox/Apps/pico/pico-sdk/src/rp2_common/pico_stdio/stdio.c.obj
 .text.stdio_out_chars_crlf
                0x100015e0       0x94 CMakeFiles/boilerplate.dir/Users/james/Library/CloudStorage/Dropbox/Apps/pico/pico-sdk/src/rp2_common/pico_stdio/stdio.c.obj
 .text.stdio_put_string
                0x10001674      0x100 CMakeFiles/boilerplate.dir/Users/james/Library/CloudStorage/Dropbox/Apps/pico/pico-sdk/src/rp2_common/pico_stdio/stdio.c.obj
                0x10001674                stdio_put_string
 .text.stdio_set_driver_enabled
                0x10001774       0x30 CMakeFiles/boilerplate.dir/Users/james/Library/CloudStorage/Dropbox/Apps/pico/pico-sdk/src/rp2_common/pico_stdio/stdio.c.obj
                0x10001774                stdio_set_driver_enabled
 .text.__wrap_putchar
                0x100017a4       0x98 CMakeFiles/boilerplate.dir/Users/james/Library/CloudStorage/Dropbox/Apps/pico/pico-sdk/src/rp2_common/pico_stdio/stdio.c.obj
                0x100017a4                stdio_putchar
                0x100017a4                __wrap_putchar
 .text.__wrap_puts
                0x1000183c       0x3c CMakeFiles/boilerplate.dir/Users/james/Library/CloudStorage/Dropbox/Apps/pico/pico-sdk/src/rp2_common/pico_stdio/stdio.c.obj
                0x1000183c                __wrap_puts
                0x1000183c                stdio_puts
 .text.stdio_uart_out_chars
                0x10001878       0x4c CMakeFiles/boilerplate.dir/Users/james/Library/CloudStorage/Dropbox/Apps/pico/pico-sdk/src/rp2_common/pico_stdio_uart/stdio_uart.c.obj
 .text.stdio_uart_in_chars
                0x100018c4       0x90 CMakeFiles/boilerplate.dir/Users/james/Library/CloudStorage/Dropbox/Apps/pico/pico-sdk/src/rp2_common/pico_stdio_uart/stdio_uart.c.obj
                0x100018c4                stdio_uart_in_chars
 .text.on_uart_rx
                0x10001954       0x28 CMakeFiles/boilerplate.dir/Users/james/Library/CloudStorage/Dropbox/Apps/pico/pico-sdk/src/rp2_common/pico_stdio_uart/stdio_uart.c.obj
 .text.stdio_uart_out_flush
                0x1000197c       0x10 CMakeFiles/boilerplate.dir/Users/james/Library/CloudStorage/Dropbox/Apps/pico/pico-sdk/src/rp2_common/pico_stdio_uart/stdio_uart.c.obj
 .text.stdio_uart_set_chars_available_callback
                0x1000198c       0x8c CMakeFiles/boilerplate.dir/Users/james/Library/CloudStorage/Dropbox/Apps/pico/pico-sdk/src/rp2_common/pico_stdio_uart/stdio_uart.c.obj
 .text.stdio_uart_init
                0x10001a18       0x50 CMakeFiles/boilerplate.dir/Users/james/Library/CloudStorage/Dropbox/Apps/pico/pico-sdk/src/rp2_common/pico_stdio_uart/stdio_uart.c.obj
                0x10001a18                stdio_uart_init
 .text.strlen   0x10001a68       0x5c /Applications/ArmGNUToolchain/13.3.rel1/arm-none-eabi/bin/../lib/gcc/arm-none-eabi/13.3.1/../../../../arm-none-eabi/lib/thumb/v6-m/nofp/libg.a(libc_a-strlen-stub.o)
                0x10001a68                strlen
 *(.fini)
 .fini          0x10001ac4        0x4 /Applications/ArmGNUToolchain/13.3.rel1/arm-none-eabi/bin/../lib/gcc/arm-none-eabi/13.3.1/thumb/v6-m/nofp/crti.o
                0x10001ac4                _fini
 .fini.__stub   0x10001ac8       0x30 linker stubs
 *crtbegin.o(.ctors)
 *crtbegin?.o(.ctors)
 *(EXCLUDE_FILE(*crtend.o *crtend?.o) .ctors)
 *(SORT_BY_NAME(.ctors.*))
 *(.ctors)
 *crtbegin.o(.dtors)
 *crtbegin?.o(.dtors)
 *(EXCLUDE_FILE(*crtend.o *crtend?.o) .dtors)
 *(SORT_BY_NAME(.dtors.*))
 *(.dtors)
                0x10001af8                        . = ALIGN (0x4)
                0x10001af8                        PROVIDE (__preinit_array_start = .)
 *(SORT_BY_NAME(.preinit_array.*))
 .preinit_array.00100
                0x10001af8        0x4 CMakeFiles/boilerplate.dir/Users/james/Library/CloudStorage/Dropbox/Apps/pico/pico-sdk/src/rp2_common/pico_runtime_init/runtime_init.c.obj
                0x10001af8                __pre_init_runtime_init_early_resets
 .preinit_array.00101
                0x10001afc        0x4 CMakeFiles/boilerplate.dir/Users/james/Library/CloudStorage/Dropbox/Apps/pico/pico-sdk/src/rp2_common/pico_runtime_init/runtime_init.c.obj
                0x10001afc                __pre_init_runtime_init_usb_power_down
 .preinit_array.00275
                0x10001b00        0x4 CMakeFiles/boilerplate.dir/Users/james/Library/CloudStorage/Dropbox/Apps/pico/pico-sdk/src/rp2_common/pico_bit_ops/bit_ops_aeabi.S.obj
 .preinit_array.00300
                0x10001b04        0x4 CMakeFiles/boilerplate.dir/Users/james/Library/CloudStorage/Dropbox/Apps/pico/pico-sdk/src/rp2_common/pico_mem_ops/mem_ops_aeabi.S.obj
 .preinit_array.00350
                0x10001b08        0x4 CMakeFiles/boilerplate.dir/Users/james/Library/CloudStorage/Dropbox/Apps/pico/pico-sdk/src/rp2_common/pico_double/double_aeabi_rp2040.S.obj
 .preinit_array.00350
                0x10001b0c        0x4 CMakeFiles/boilerplate.dir/Users/james/Library/CloudStorage/Dropbox/Apps/pico/pico-sdk/src/rp2_common/pico_float/float_aeabi_rp2040.S.obj
 .preinit_array.00500
                0x10001b10        0x4 CMakeFiles/boilerplate.dir/Users/james/Library/CloudStorage/Dropbox/Apps/pico/pico-sdk/src/rp2_common/pico_runtime_init/runtime_init.c.obj
                0x10001b10                __pre_init_runtime_init_clocks
 .preinit_array.00600
                0x10001b14        0x4 CMakeFiles/boilerplate.dir/Users/james/Library/CloudStorage/Dropbox/Apps/pico/pico-sdk/src/rp2_common/pico_runtime_init/runtime_init.c.obj
                0x10001b14                __pre_init_runtime_init_post_clock_resets
 .preinit_array.00700
                0x10001b18        0x4 CMakeFiles/boilerplate.dir/Users/james/Library/CloudStorage/Dropbox/Apps/pico/pico-sdk/src/rp2_common/pico_runtime_init/runtime_init.c.obj
                0x10001b18                __pre_init_runtime_init_rp2040_gpio_ie_disable
 .preinit_array.01000
                0x10001b1c        0x4 CMakeFiles/boilerplate.dir/Users/james/Library/CloudStorage/Dropbox/Apps/pico/pico-sdk/src/rp2_common/pico_runtime_init/runtime_init.c.obj
                0x10001b1c                __pre_init_runtime_init_spin_locks_reset
 .preinit_array.01100
                0x10001b20        0x4 CMakeFiles/boilerplate.dir/Users/james/Library/CloudStorage/Dropbox/Apps/pico/pico-sdk/src/common/pico_sync/mutex.c.obj
                0x10001b20                __pre_init_runtime_init_mutex
 .preinit_array.10080
                0x10001b24        0x4 CMakeFiles/boilerplate.dir/Users/james/Library/CloudStorage/Dropbox/Apps/pico/pico-sdk/src/rp2_common/pico_runtime_init/runtime_init.c.obj
                0x10001b24                __pre_init_runtime_init_install_ram_vector_table
 .preinit_array.11000
                0x10001b28        0x4 CMakeFiles/boilerplate.dir/Users/james/Library/CloudStorage/Dropbox/Apps/pico/pico-sdk/src/common/pico_time/time.c.obj
                0x10001b28                __pre_init_runtime_init_default_alarm_pool
 .preinit_array.YYYYY
                0x10001b2c        0x4 CMakeFiles/boilerplate.dir/Users/james/Library/CloudStorage/Dropbox/Apps/pico/pico-sdk/src/rp2_common/pico_runtime/runtime.c.obj
                0x10001b2c                __pre_init_first_per_core_initializer
 .preinit_array.ZZZZZ.01200
                0x10001b30        0x4 CMakeFiles/boilerplate.dir/Users/james/Library/CloudStorage/Dropbox/Apps/pico/pico-sdk/src/rp2_common/hardware_irq/irq.c.obj
                0x10001b30                __pre_init_runtime_init_per_core_irq_priorities
 *(.preinit_array)
                0x10001b34                        PROVIDE (__preinit_array_end = .)
                0x10001b34                        . = ALIGN (0x4)
                0x10001b34                        PROVIDE (__init_array_start = .)
 *(SORT_BY_NAME(.init_array.*))
 *(.init_array)
 .init_array    0x10001b34        0x4 /Applications/ArmGNUToolchain/13.3.rel1/arm-none-eabi/bin/../lib/gcc/arm-none-eabi/13.3.1/thumb/v6-m/nofp/crtbegin.o
                0x10001b38                        PROVIDE (__init_array_end = .)
                0x10001b38                        . = ALIGN (0x4)
                [!provide]                        PROVIDE (__fini_array_start = .)
 *(SORT_BY_NAME(.fini_array.*))
 *(.fini_array)
                [!provide]                        PROVIDE (__fini_array_end = .)
 *(.eh_frame*)
 .eh_frame      0x10001b38        0x0 /Applications/ArmGNUToolchain/13.3.rel1/arm-none-eabi/bin/../lib/gcc/arm-none-eabi/13.3.1/thumb/v6-m/nofp/crtbegin.o
                0x10001b38                        . = ALIGN (0x4)

.glue_7         0x10001b38        0x0
 .glue_7        0x10001b38        0x0 linker stubs

.glue_7t        0x10001b38        0x0
 .glue_7t       0x10001b38        0x0 linker stubs

.vfp11_veneer   0x10001b38        0x0
 .vfp11_veneer  0x10001b38        0x0 linker stubs

.v4_bx          0x10001b38        0x0
 .v4_bx         0x10001b38        0x0 linker stubs

.iplt           0x10001b38        0x0
 .iplt          0x10001b38        0x0 /Applications/ArmGNUToolchain/13.3.rel1/arm-none-eabi/bin/../lib/gcc/arm-none-eabi/13.3.1/thumb/v6-m/nofp/crtbegin.o

.rodata         0x10001b38      0x118
 *(EXCLUDE_FILE(*libm.a: *libc.a:*lib_a-mem*.o *libgcc.a:) .rodata*)
 .rodata.main.str1.4
                0x10001b38       0xb0 CMakeFiles/boilerplate.dir/src/main.cpp.obj
                                  0xe (size before relaxing)
 .rodata.panic.str1.4
                0x10001be8       0x12 CMakeFiles/boilerplate.dir/Users/james/Library/CloudStorage/Dropbox/Apps/pico/pico-sdk/src/rp2_common/pico_platform_panic/panic.c.obj
 .rodata.timer_hardware_alarm_claim.str1.4
                0x10001be8       0x22 CMakeFiles/boilerplate.dir/Users/james/Library/CloudStorage/Dropbox/Apps/pico/pico-sdk/src/rp2_common/hardware_timer/timer.c.obj
 .rodata.hard_assertion_failure.str1.4
                0x10001be8        0xc CMakeFiles/boilerplate.dir/Users/james/Library/CloudStorage/Dropbox/Apps/pico/pico-sdk/src/rp2_common/pico_runtime/runtime.c.obj
 .rodata.str1.4
                0x10001be8       0x30 CMakeFiles/boilerplate.dir/Users/james/Library/CloudStorage/Dropbox/Apps/pico/pico-sdk/src/rp2_common/pico_standard_binary_info/standard_binary_info.c.obj
 .rodata.__bi_84
                0x10001be8        0xc CMakeFiles/boilerplate.dir/Users/james/Library/CloudStorage/Dropbox/Apps/pico/pico-sdk/src/rp2_common/pico_standard_binary_info/standard_binary_info.c.obj
 .rodata.__bi_54
                0x10001bf4        0xc CMakeFiles/boilerplate.dir/Users/james/Library/CloudStorage/Dropbox/Apps/pico/pico-sdk/src/rp2_common/pico_standard_binary_info/standard_binary_info.c.obj
 .rodata.__bi_48
                0x10001c00        0xc CMakeFiles/boilerplate.dir/Users/james/Library/CloudStorage/Dropbox/Apps/pico/pico-sdk/src/rp2_common/pico_standard_binary_info/standard_binary_info.c.obj
 .rodata.__bi_42
                0x10001c0c        0xc CMakeFiles/boilerplate.dir/Users/james/Library/CloudStorage/Dropbox/Apps/pico/pico-sdk/src/rp2_common/pico_standard_binary_info/standard_binary_info.c.obj
 .rodata.__bi_34
                0x10001c18        0xc CMakeFiles/boilerplate.dir/Users/james/Library/CloudStorage/Dropbox/Apps/pico/pico-sdk/src/rp2_common/pico_standard_binary_info/standard_binary_info.c.obj
 .rodata.__bi_26
                0x10001c24        0xc CMakeFiles/boilerplate.dir/Users/james/Library/CloudStorage/Dropbox/Apps/pico/pico-sdk/src/rp2_common/pico_standard_binary_info/standard_binary_info.c.obj
 .rodata.crlf_str.0
                0x10001c30        0x2 CMakeFiles/boilerplate.dir/Users/james/Library/CloudStorage/Dropbox/Apps/pico/pico-sdk/src/rp2_common/pico_stdio/stdio.c.obj
 .rodata.str1.4
                0x10001c32       0x2c CMakeFiles/boilerplate.dir/Users/james/Library/CloudStorage/Dropbox/Apps/pico/pico-sdk/src/rp2_common/pico_stdio_uart/stdio_uart.c.obj
 *fill*         0x10001c32        0x2 
 .rodata.__bi_45.4
                0x10001c34        0xc CMakeFiles/boilerplate.dir/Users/james/Library/CloudStorage/Dropbox/Apps/pico/pico-sdk/src/rp2_common/pico_stdio_uart/stdio_uart.c.obj
 .rodata.__bi_49.5
                0x10001c40        0x8 CMakeFiles/boilerplate.dir/Users/james/Library/CloudStorage/Dropbox/Apps/pico/pico-sdk/src/rp2_common/pico_stdio_uart/stdio_uart.c.obj
 .rodata.__bi_50.6
                0x10001c48        0x8 CMakeFiles/boilerplate.dir/Users/james/Library/CloudStorage/Dropbox/Apps/pico/pico-sdk/src/rp2_common/pico_stdio_uart/stdio_uart.c.obj
                0x10001c50                        . = ALIGN (0x4)
 *(SORT_BY_ALIGNMENT(SORT_BY_NAME(.flashdata*)))
                0x10001c50                        . = ALIGN (0x4)

.ARM.extab
 *(.ARM.extab* .gnu.linkonce.armextab.*)
                0x10001c50                        __exidx_start = .

.ARM.exidx
 *(.ARM.exidx* .gnu.linkonce.armexidx.*)
                0x10001c50                        __exidx_end = .
                0x10001c50                        . = ALIGN (0x4)
                0x10001c50                        __binary_info_start = .

.binary_info    0x10001c50       0x24
 *(.binary_info.keep.*)
 .binary_info.keep.__bi_ptr84
                0x10001c50        0x4 CMakeFiles/boilerplate.dir/Users/james/Library/CloudStorage/Dropbox/Apps/pico/pico-sdk/src/rp2_common/pico_standard_binary_info/standard_binary_info.c.obj
 .binary_info.keep.__bi_ptr54
                0x10001c54        0x4 CMakeFiles/boilerplate.dir/Users/james/Library/CloudStorage/Dropbox/Apps/pico/pico-sdk/src/rp2_common/pico_standard_binary_info/standard_binary_info.c.obj
 .binary_info.keep.__bi_ptr48
                0x10001c58        0x4 CMakeFiles/boilerplate.dir/Users/james/Library/CloudStorage/Dropbox/Apps/pico/pico-sdk/src/rp2_common/pico_standard_binary_info/standard_binary_info.c.obj
 .binary_info.keep.__bi_ptr42
                0x10001c5c        0x4 CMakeFiles/boilerplate.dir/Users/james/Library/CloudStorage/Dropbox/Apps/pico/pico-sdk/src/rp2_common/pico_standard_binary_info/standard_binary_info.c.obj
 .binary_info.keep.__bi_ptr34
                0x10001c60        0x4 CMakeFiles/boilerplate.dir/Users/james/Library/CloudStorage/Dropbox/Apps/pico/pico-sdk/src/rp2_common/pico_standard_binary_info/standard_binary_info.c.obj
 .binary_info.keep.__bi_ptr26
                0x10001c64        0x4 CMakeFiles/boilerplate.dir/Users/james/Library/CloudStorage/Dropbox/Apps/pico/pico-sdk/src/rp2_common/pico_standard_binary_info/standard_binary_info.c.obj
 *(.binary_info.*)
 .binary_info.__bi_ptr50
                0x10001c68        0x4 CMakeFiles/boilerplate.dir/Users/james/Library/CloudStorage/Dropbox/Apps/pico/pico-sdk/src/rp2_common/pico_stdio_uart/stdio_uart.c.obj
 .binary_info.__bi_ptr49
                0x10001c6c        0x4 CMakeFiles/boilerplate.dir/Users/james/Library/CloudStorage/Dropbox/Apps/pico/pico-sdk/src/rp2_common/pico_stdio_uart/stdio_uart.c.obj
 .binary_info.__bi_ptr45
                0x10001c70        0x4 CMakeFiles/boilerplate.dir/Users/james/Library/CloudStorage/Dropbox/Apps/pico/pico-sdk/src/rp2_common/pico_stdio_uart/stdio_uart.c.obj
                0x10001c74                        __binary_info_end = .

.rel.dyn        0x10001c74        0x0
 .rel.iplt      0x10001c74        0x0 /Applications/ArmGNUToolchain/13.3.rel1/arm-none-eabi/bin/../lib/gcc/arm-none-eabi/13.3.1/thumb/v6-m/nofp/crtbegin.o
                0x10001c74                        . = ALIGN (0x4)

.ram_vector_table
                0x20000000       0xc0
 *(.ram_vector_table)
 .ram_vector_table
                0x20000000       0xc0 CMakeFiles/boilerplate.dir/Users/james/Library/CloudStorage/Dropbox/Apps/pico/pico-sdk/src/rp2_common/pico_runtime_init/runtime_init.c.obj
                0x20000000                ram_vector_table

.uninitialized_data
                0x200000c0        0x0
                0x200000c0                        . = ALIGN (0x4)
 *(.uninitialized_data*)

.data           0x200000c0      0x180 load address 0x10001c74
                0x200000c0                        __data_start__ = .
 *(vtable)
 *(.time_critical*)
 .time_critical.mutex_try_enter_block_until
                0x200000c0       0x9c CMakeFiles/boilerplate.dir/Users/james/Library/CloudStorage/Dropbox/Apps/pico/pico-sdk/src/common/pico_sync/mutex.c.obj
                0x200000c0                mutex_try_enter_block_until
 .time_critical.mutex_exit
                0x2000015c       0x28 CMakeFiles/boilerplate.dir/Users/james/Library/CloudStorage/Dropbox/Apps/pico/pico-sdk/src/common/pico_sync/mutex.c.obj
                0x2000015c                mutex_exit
 *(.text*)
 .text          0x20000184        0x4 /Applications/ArmGNUToolchain/13.3.rel1/arm-none-eabi/bin/../lib/gcc/arm-none-eabi/13.3.1/thumb/v6-m/nofp/libgcc.a(_dvmd_tls.o)
                0x20000184                __aeabi_ldiv0
                0x20000184                __aeabi_idiv0
 .text.__stub   0x20000188       0x10 linker stubs
                0x20000198                        . = ALIGN (0x4)
 *(.rodata*)
                0x20000198                        . = ALIGN (0x4)
 *(.data*)
 .data.striped_spin_lock_num
                0x20000198        0x1 CMakeFiles/boilerplate.dir/Users/james/Library/CloudStorage/Dropbox/Apps/pico/pico-sdk/src/rp2_common/hardware_sync/sync.c.obj
 *fill*         0x20000199        0x3 
 .data          0x2000019c       0x48 CMakeFiles/boilerplate.dir/Users/james/Library/CloudStorage/Dropbox/Apps/pico/pico-sdk/src/rp2_common/hardware_irq/irq_handler_chain.S.obj
                0x2000019c                irq_handler_chain_slots
                0x200001cc                irq_handler_chain_first_slot
                0x200001d6                irq_handler_chain_remove_tail
 .data.default_alarm_pool
                0x200001e4       0x18 CMakeFiles/boilerplate.dir/Users/james/Library/CloudStorage/Dropbox/Apps/pico/pico-sdk/src/common/pico_time/time.c.obj
 *fill*         0x200001fc        0x4 
 .data.aeabi_bits_funcs
                0x20000200       0x10 CMakeFiles/boilerplate.dir/Users/james/Library/CloudStorage/Dropbox/Apps/pico/pico-sdk/src/rp2_common/pico_bit_ops/bit_ops_aeabi.S.obj
                0x20000200                aeabi_bits_funcs
                0x20000210                aeabi_bits_funcs_end
 .data.aeabi_mem_funcs
                0x20000210       0x10 CMakeFiles/boilerplate.dir/Users/james/Library/CloudStorage/Dropbox/Apps/pico/pico-sdk/src/rp2_common/pico_mem_ops/mem_ops_aeabi.S.obj
                0x20000210                aeabi_mem_funcs
                0x20000220                aeabi_mem_funcs_end
 .data.stdio_uart
                0x20000220       0x18 CMakeFiles/boilerplate.dir/Users/james/Library/CloudStorage/Dropbox/Apps/pico/pico-sdk/src/rp2_common/pico_stdio_uart/stdio_uart.c.obj
                0x20000220                stdio_uart
                0x20000238                        . = ALIGN (0x4)
 *(.after_data.*)
                0x20000238                        . = ALIGN (0x4)
                0x20000238                        PROVIDE (__mutex_array_start = .)
 *(SORT_BY_NAME(.mutex_array.*))
 *(.mutex_array)
 .mutex_array   0x20000238        0x8 CMakeFiles/boilerplate.dir/Users/james/Library/CloudStorage/Dropbox/Apps/pico/pico-sdk/src/rp2_common/pico_stdio/stdio.c.obj
                0x20000240                        PROVIDE (__mutex_array_end = .)
                0x20000240                        . = ALIGN (0x4)
 *(.jcr)
                0x20000240                        . = ALIGN (0x4)

.tm_clone_table
                0x20000240        0x0 load address 0x10001df4
 .tm_clone_table
                0x20000240        0x0 /Applications/ArmGNUToolchain/13.3.rel1/arm-none-eabi/bin/../lib/gcc/arm-none-eabi/13.3.1/thumb/v6-m/nofp/crtbegin.o
 .tm_clone_table
                0x20000240        0x0 /Applications/ArmGNUToolchain/13.3.rel1/arm-none-eabi/bin/../lib/gcc/arm-none-eabi/13.3.1/thumb/v6-m/nofp/crtend.o

.igot.plt       0x20000240        0x0 load address 0x10001df4
 .igot.plt      0x20000240        0x0 /Applications/ArmGNUToolchain/13.3.rel1/arm-none-eabi/bin/../lib/gcc/arm-none-eabi/13.3.1/thumb/v6-m/nofp/crtbegin.o

.tdata          0x20000240        0x0 load address 0x10001df4
                0x20000240                        . = ALIGN (0x4)
 *(.tdata .tdata.* .gnu.linkonce.td.*)
                0x20000240                        __tdata_end = .
                0x20000240                        PROVIDE (__data_end__ = .)
                0x10001c74                        __etext = LOADADDR (.data)

.tbss           0x20000240        0x0 load address 0x10001df4
                0x20000240                        . = ALIGN (0x4)
                0x20000240                        __bss_start__ = .
                0x20000240                        __tls_base = .
 *(.tbss .tbss.* .gnu.linkonce.tb.*)
 *(.tcommon)
                0x20000240                        __tls_end = .

.bss            0x20000240      0x3fc load address 0x10001df4
                0x20000240                        . = ALIGN (0x4)
                0x20000240                        __tbss_end = .
 *(SORT_BY_ALIGNMENT(SORT_BY_NAME(.bss*)))
 .bss.default_alarm_pool_entries
                0x20000240      0x180 CMakeFiles/boilerplate.dir/Users/james/Library/CloudStorage/Dropbox/Apps/pico/pico-sdk/src/common/pico_time/time.c.obj
 .bss.sd_table  0x200003c0      0x100 CMakeFiles/boilerplate.dir/Users/james/Library/CloudStorage/Dropbox/Apps/pico/pico-sdk/src/rp2_common/pico_double/double_init_rom_rp2040.c.obj
                0x200003c0                sd_table
 .bss.sf_table  0x200004c0      0x100 CMakeFiles/boilerplate.dir/Users/james/Library/CloudStorage/Dropbox/Apps/pico/pico-sdk/src/rp2_common/pico_float/float_init_rom_rp2040.c.obj
                0x200004c0                sf_table
 .bss.chars_available_callback
                0x200005c0        0x4 CMakeFiles/boilerplate.dir/Users/james/Library/CloudStorage/Dropbox/Apps/pico/pico-sdk/src/rp2_common/pico_stdio_uart/stdio_uart.c.obj
 .bss.chars_available_param
                0x200005c4        0x4 CMakeFiles/boilerplate.dir/Users/james/Library/CloudStorage/Dropbox/Apps/pico/pico-sdk/src/rp2_common/pico_stdio_uart/stdio_uart.c.obj
 .bss.claimed   0x200005c8        0x1 CMakeFiles/boilerplate.dir/Users/james/Library/CloudStorage/Dropbox/Apps/pico/pico-sdk/src/rp2_common/hardware_timer/timer.c.obj
 *fill*         0x200005c9        0x3 
 .bss.configured_freq
                0x200005cc       0x28 CMakeFiles/boilerplate.dir/Users/james/Library/CloudStorage/Dropbox/Apps/pico/pico-sdk/src/rp2_common/hardware_clocks/clocks.c.obj
 .bss.drivers   0x200005f4        0x4 CMakeFiles/boilerplate.dir/Users/james/Library/CloudStorage/Dropbox/Apps/pico/pico-sdk/src/rp2_common/pico_stdio/stdio.c.obj
 .bss.filter    0x200005f8        0x4 CMakeFiles/boilerplate.dir/Users/james/Library/CloudStorage/Dropbox/Apps/pico/pico-sdk/src/rp2_common/pico_stdio/stdio.c.obj
 .bss.lazy_vsnprintf
                0x200005fc        0x4 CMakeFiles/boilerplate.dir/Users/james/Library/CloudStorage/Dropbox/Apps/pico/pico-sdk/src/rp2_common/pico_printf/printf.c.obj
 .bss.object.0  0x20000600       0x18 /Applications/ArmGNUToolchain/13.3.rel1/arm-none-eabi/bin/../lib/gcc/arm-none-eabi/13.3.1/thumb/v6-m/nofp/crtbegin.o
 .bss.pools     0x20000618       0x10 CMakeFiles/boilerplate.dir/Users/james/Library/CloudStorage/Dropbox/Apps/pico/pico-sdk/src/common/pico_time/time.c.obj
 .bss.sf_clz_func
                0x20000628        0x4 CMakeFiles/boilerplate.dir/Users/james/Library/CloudStorage/Dropbox/Apps/pico/pico-sdk/src/rp2_common/pico_double/double_init_rom_rp2040.c.obj
                0x20000628                sf_clz_func
 .bss.sleep_notifier
                0x2000062c        0x4 CMakeFiles/boilerplate.dir/Users/james/Library/CloudStorage/Dropbox/Apps/pico/pico-sdk/src/common/pico_time/time.c.obj
 .bss.uart_char_to_line_feed
                0x20000630        0x4 CMakeFiles/boilerplate.dir/Users/james/Library/CloudStorage/Dropbox/Apps/pico/pico-sdk/src/rp2_common/hardware_uart/uart.c.obj
                0x20000630                uart_char_to_line_feed
 .bss.uart_instance
                0x20000634        0x4 CMakeFiles/boilerplate.dir/Users/james/Library/CloudStorage/Dropbox/Apps/pico/pico-sdk/src/rp2_common/pico_stdio_uart/stdio_uart.c.obj
 .bss.irq_handler_chain_free_slot_head
                0x20000638        0x1 CMakeFiles/boilerplate.dir/Users/james/Library/CloudStorage/Dropbox/Apps/pico/pico-sdk/src/rp2_common/hardware_irq/irq.c.obj
 *(COMMON)
                0x2000063c                        . = ALIGN (0x4)
 *fill*         0x20000639        0x3 
                0x2000063c                        __bss_end__ = .

.heap           0x2000063c    0x3f9c4 load address 0x10001df4
                0x2000063c                        __end__ = .
                0x2000063c                        end = __end__
 *(.heap*)
 .heap          0x2000063c      0x800 CMakeFiles/boilerplate.dir/Users/james/Library/CloudStorage/Dropbox/Apps/pico/pico-sdk/src/rp2_common/pico_crt0/crt0.S.obj
                0x20040000                        . = (ORIGIN (RAM) + LENGTH (RAM))
 *fill*         0x20000e3c    0x3f1c4 
                0x20040000                        __HeapLimit = .

.scratch_x      0x20040000        0x0 load address 0x10001df4
                0x20040000                        __scratch_x_start__ = .
 *(.scratch_x.*)
                0x20040000                        . = ALIGN (0x4)
                0x20040000                        __scratch_x_end__ = .
                0x10001df4                        __scratch_x_source__ = LOADADDR (.scratch_x)

.scratch_y      0x20041000        0x0 load address 0x10001df4
                0x20041000                        __scratch_y_start__ = .
 *(.scratch_y.*)
                0x20041000                        . = ALIGN (0x4)
                0x20041000                        __scratch_y_end__ = .
                0x10001df4                        __scratch_y_source__ = LOADADDR (.scratch_y)

.stack1_dummy
 *(.stack1*)

.stack_dummy    0x20041000      0x800
 *(.stack*)
 .stack         0x20041000      0x800 CMakeFiles/boilerplate.dir/Users/james/Library/CloudStorage/Dropbox/Apps/pico/pico-sdk/src/rp2_common/pico_crt0/crt0.S.obj

.flash_end      0x10001df4        0x0
 *(.embedded_end_block*)
                0x10001df4                        PROVIDE (__flash_binary_end = .)
                0x20040000                        __StackLimit = (ORIGIN (RAM) + LENGTH (RAM))
                0x20041000                        __StackOneTop = (ORIGIN (SCRATCH_X) + LENGTH (SCRATCH_X))
                0x20042000                        __StackTop = (ORIGIN (SCRATCH_Y) + LENGTH (SCRATCH_Y))
                0x20041000                        __StackOneBottom = (__StackOneTop - SIZEOF (.stack1_dummy))
                0x20041800                        __StackBottom = (__StackTop - SIZEOF (.stack_dummy))
                0x20042000                        PROVIDE (__stack = __StackTop)
                [!provide]                        PROVIDE (__heap_start = __end__)
                [!provide]                        PROVIDE (__heap_end = __HeapLimit)
                [!provide]                        PROVIDE (__tls_align = MAX (ALIGNOF (.tdata), ALIGNOF (.tbss)))
                [!provide]                        PROVIDE (__tls_size_align = (((__tls_size + __tls_align) - 0x1) & ~ ((__tls_align - 0x1))))
                [!provide]                        PROVIDE (__arm32_tls_tcb_offset = MAX (0x8, __tls_align))
                [!provide]                        PROVIDE (_end = __end__)
                [!provide]                        PROVIDE (__llvm_libc_heap_limit = __HeapLimit)
                0x00000001                        ASSERT ((__StackLimit >= __HeapLimit), region RAM overflowed)
                0x00000001                        ASSERT (((__binary_info_header_end - __logical_binary_start) <= 0x100), Binary info must be in first 256 bytes of the binary)
LOAD CMakeFiles/boilerplate.dir/src/main.cpp.obj
LOAD CMakeFiles/boilerplate.dir/Users/james/Library/CloudStorage/Dropbox/Apps/pico/pico-sdk/src/rp2_common/pico_stdlib/stdlib.c.obj
LOAD CMakeFiles/boilerplate.dir/Users/james/Library/CloudStorage/Dropbox/Apps/pico/pico-sdk/src/rp2_common/hardware_gpio/gpio.c.obj
LOAD CMakeFiles/boilerplate.dir/Users/james/Library/CloudStorage/Dropbox/Apps/pico/pico-sdk/src/rp2040/pico_platform/platform.c.obj
LOAD CMakeFiles/boilerplate.dir/Users/james/Library/CloudStorage/Dropbox/Apps/pico/pico-sdk/src/rp2_common/pico_platform_panic/panic.c.obj
LOAD CMakeFiles/boilerplate.dir/Users/james/Library/CloudStorage/Dropbox/Apps/pico/pico-sdk/src/common/hardware_claim/claim.c.obj
LOAD CMakeFiles/boilerplate.dir/Users/james/Library/CloudStorage/Dropbox/Apps/pico/pico-sdk/src/rp2_common/hardware_sync/sync.c.obj
LOAD CMakeFiles/boilerplate.dir/Users/james/Library/CloudStorage/Dropbox/Apps/pico/pico-sdk/src/rp2_common/hardware_sync_spin_lock/sync_spin_lock.c.obj
LOAD CMakeFiles/boilerplate.dir/Users/james/Library/CloudStorage/Dropbox/Apps/pico/pico-sdk/src/rp2_common/hardware_irq/irq.c.obj
LOAD CMakeFiles/boilerplate.dir/Users/james/Library/CloudStorage/Dropbox/Apps/pico/pico-sdk/src/rp2_common/hardware_irq/irq_handler_chain.S.obj
LOAD CMakeFiles/boilerplate.dir/Users/james/Library/CloudStorage/Dropbox/Apps/pico/pico-sdk/src/common/pico_sync/sem.c.obj
LOAD CMakeFiles/boilerplate.dir/Users/james/Library/CloudStorage/Dropbox/Apps/pico/pico-sdk/src/common/pico_sync/lock_core.c.obj
LOAD CMakeFiles/boilerplate.dir/Users/james/Library/CloudStorage/Dropbox/Apps/pico/pico-sdk/src/common/pico_sync/mutex.c.obj
LOAD CMakeFiles/boilerplate.dir/Users/james/Library/CloudStorage/Dropbox/Apps/pico/pico-sdk/src/common/pico_sync/critical_section.c.obj
LOAD CMakeFiles/boilerplate.dir/Users/james/Library/CloudStorage/Dropbox/Apps/pico/pico-sdk/src/common/pico_time/time.c.obj
LOAD CMakeFiles/boilerplate.dir/Users/james/Library/CloudStorage/Dropbox/Apps/pico/pico-sdk/src/common/pico_time/timeout_helper.c.obj
LOAD CMakeFiles/boilerplate.dir/Users/james/Library/CloudStorage/Dropbox/Apps/pico/pico-sdk/src/rp2_common/hardware_timer/timer.c.obj
LOAD CMakeFiles/boilerplate.dir/Users/james/Library/CloudStorage/Dropbox/Apps/pico/pico-sdk/src/common/pico_util/datetime.c.obj
LOAD CMakeFiles/boilerplate.dir/Users/james/Library/CloudStorage/Dropbox/Apps/pico/pico-sdk/src/common/pico_util/pheap.c.obj
LOAD CMakeFiles/boilerplate.dir/Users/james/Library/CloudStorage/Dropbox/Apps/pico/pico-sdk/src/common/pico_util/queue.c.obj
LOAD CMakeFiles/boilerplate.dir/Users/james/Library/CloudStorage/Dropbox/Apps/pico/pico-sdk/src/rp2_common/hardware_uart/uart.c.obj
LOAD CMakeFiles/boilerplate.dir/Users/james/Library/CloudStorage/Dropbox/Apps/pico/pico-sdk/src/rp2_common/hardware_clocks/clocks.c.obj
LOAD CMakeFiles/boilerplate.dir/Users/james/Library/CloudStorage/Dropbox/Apps/pico/pico-sdk/src/rp2_common/hardware_pll/pll.c.obj
LOAD CMakeFiles/boilerplate.dir/Users/james/Library/CloudStorage/Dropbox/Apps/pico/pico-sdk/src/rp2_common/hardware_vreg/vreg.c.obj
LOAD CMakeFiles/boilerplate.dir/Users/james/Library/CloudStorage/Dropbox/Apps/pico/pico-sdk/src/rp2_common/hardware_watchdog/watchdog.c.obj
LOAD CMakeFiles/boilerplate.dir/Users/james/Library/CloudStorage/Dropbox/Apps/pico/pico-sdk/src/rp2_common/hardware_ticks/ticks.c.obj
LOAD CMakeFiles/boilerplate.dir/Users/james/Library/CloudStorage/Dropbox/Apps/pico/pico-sdk/src/rp2_common/hardware_xosc/xosc.c.obj
LOAD CMakeFiles/boilerplate.dir/Users/james/Library/CloudStorage/Dropbox/Apps/pico/pico-sdk/src/rp2_common/hardware_divider/divider.S.obj
LOAD CMakeFiles/boilerplate.dir/Users/james/Library/CloudStorage/Dropbox/Apps/pico/pico-sdk/src/rp2_common/pico_runtime/runtime.c.obj
LOAD CMakeFiles/boilerplate.dir/Users/james/Library/CloudStorage/Dropbox/Apps/pico/pico-sdk/src/rp2_common/pico_runtime_init/runtime_init.c.obj
LOAD CMakeFiles/boilerplate.dir/Users/james/Library/CloudStorage/Dropbox/Apps/pico/pico-sdk/src/rp2_common/pico_runtime_init/runtime_init_clocks.c.obj
LOAD CMakeFiles/boilerplate.dir/Users/james/Library/CloudStorage/Dropbox/Apps/pico/pico-sdk/src/rp2_common/pico_runtime_init/runtime_init_stack_guard.c.obj
LOAD CMakeFiles/boilerplate.dir/Users/james/Library/CloudStorage/Dropbox/Apps/pico/pico-sdk/src/rp2_common/pico_bit_ops/bit_ops_aeabi.S.obj
LOAD CMakeFiles/boilerplate.dir/Users/james/Library/CloudStorage/Dropbox/Apps/pico/pico-sdk/src/rp2_common/pico_bootrom/bootrom.c.obj
LOAD CMakeFiles/boilerplate.dir/Users/james/Library/CloudStorage/Dropbox/Apps/pico/pico-sdk/src/rp2_common/pico_bootrom/bootrom_lock.c.obj
LOAD CMakeFiles/boilerplate.dir/Users/james/Library/CloudStorage/Dropbox/Apps/pico/pico-sdk/src/rp2_common/hardware_boot_lock/boot_lock.c.obj
LOAD CMakeFiles/boilerplate.dir/Users/james/Library/CloudStorage/Dropbox/Apps/pico/pico-sdk/src/rp2_common/pico_divider/divider_hardware.S.obj
LOAD CMakeFiles/boilerplate.dir/Users/james/Library/CloudStorage/Dropbox/Apps/pico/pico-sdk/src/rp2_common/pico_double/double_aeabi_rp2040.S.obj
LOAD CMakeFiles/boilerplate.dir/Users/james/Library/CloudStorage/Dropbox/Apps/pico/pico-sdk/src/rp2_common/pico_double/double_init_rom_rp2040.c.obj
LOAD CMakeFiles/boilerplate.dir/Users/james/Library/CloudStorage/Dropbox/Apps/pico/pico-sdk/src/rp2_common/pico_double/double_math.c.obj
LOAD CMakeFiles/boilerplate.dir/Users/james/Library/CloudStorage/Dropbox/Apps/pico/pico-sdk/src/rp2_common/pico_double/double_v1_rom_shim_rp2040.S.obj
LOAD CMakeFiles/boilerplate.dir/Users/james/Library/CloudStorage/Dropbox/Apps/pico/pico-sdk/src/rp2_common/pico_int64_ops/pico_int64_ops_aeabi.S.obj
LOAD CMakeFiles/boilerplate.dir/Users/james/Library/CloudStorage/Dropbox/Apps/pico/pico-sdk/src/rp2_common/pico_float/float_aeabi_rp2040.S.obj
LOAD CMakeFiles/boilerplate.dir/Users/james/Library/CloudStorage/Dropbox/Apps/pico/pico-sdk/src/rp2_common/pico_float/float_init_rom_rp2040.c.obj
LOAD CMakeFiles/boilerplate.dir/Users/james/Library/CloudStorage/Dropbox/Apps/pico/pico-sdk/src/rp2_common/pico_float/float_math.c.obj
LOAD CMakeFiles/boilerplate.dir/Users/james/Library/CloudStorage/Dropbox/Apps/pico/pico-sdk/src/rp2_common/pico_float/float_v1_rom_shim_rp2040.S.obj
LOAD CMakeFiles/boilerplate.dir/Users/james/Library/CloudStorage/Dropbox/Apps/pico/pico-sdk/src/rp2_common/pico_malloc/malloc.c.obj
LOAD CMakeFiles/boilerplate.dir/Users/james/Library/CloudStorage/Dropbox/Apps/pico/pico-sdk/src/rp2_common/pico_mem_ops/mem_ops_aeabi.S.obj
LOAD CMakeFiles/boilerplate.dir/Users/james/Library/CloudStorage/Dropbox/Apps/pico/pico-sdk/src/rp2_common/pico_atomic/atomic.c.obj
LOAD CMakeFiles/boilerplate.dir/Users/james/Library/CloudStorage/Dropbox/Apps/pico/pico-sdk/src/rp2_common/pico_cxx_options/new_delete.cpp.obj
LOAD CMakeFiles/boilerplate.dir/Users/james/Library/CloudStorage/Dropbox/Apps/pico/pico-sdk/src/rp2_common/pico_standard_binary_info/standard_binary_info.c.obj
LOAD CMakeFiles/boilerplate.dir/Users/james/Library/CloudStorage/Dropbox/Apps/pico/pico-sdk/src/rp2_common/pico_printf/printf.c.obj
LOAD CMakeFiles/boilerplate.dir/Users/james/Library/CloudStorage/Dropbox/Apps/pico/pico-sdk/src/rp2_common/pico_crt0/crt0.S.obj
LOAD CMakeFiles/boilerplate.dir/Users/james/Library/CloudStorage/Dropbox/Apps/pico/pico-sdk/src/rp2_common/pico_clib_interface/newlib_interface.c.obj
LOAD CMakeFiles/boilerplate.dir/Users/james/Library/CloudStorage/Dropbox/Apps/pico/pico-sdk/src/rp2_common/pico_stdio/stdio.c.obj
LOAD CMakeFiles/boilerplate.dir/Users/james/Library/CloudStorage/Dropbox/Apps/pico/pico-sdk/src/rp2_common/pico_stdio_uart/stdio_uart.c.obj
LOAD lib/your_library/libyour_library.a
LOAD /var/folders/vk/cdq86bws31v9sfd5jc77md0h0000gn/T//ccbw3tZt.o
LOAD /Applications/ArmGNUToolchain/13.3.rel1/arm-none-eabi/bin/../lib/gcc/arm-none-eabi/13.3.1/../../../../arm-none-eabi/lib/thumb/v6-m/nofp/libstdc++.a
LOAD /Applications/ArmGNUToolchain/13.3.rel1/arm-none-eabi/bin/../lib/gcc/arm-none-eabi/13.3.1/../../../../arm-none-eabi/lib/thumb/v6-m/nofp/libm.a
START GROUP
LOAD /Applications/ArmGNUToolchain/13.3.rel1/arm-none-eabi/bin/../lib/gcc/arm-none-eabi/13.3.1/thumb/v6-m/nofp/libgcc.a
LOAD /Applications/ArmGNUToolchain/13.3.rel1/arm-none-eabi/bin/../lib/gcc/arm-none-eabi/13.3.1/../../../../arm-none-eabi/lib/thumb/v6-m/nofp/libg.a
LOAD /Applications/ArmGNUToolchain/13.3.rel1/arm-none-eabi/bin/../lib/gcc/arm-none-eabi/13.3.1/../../../../arm-none-eabi/lib/thumb/v6-m/nofp/libc.a
END GROUP
START GROUP
LOAD /Applications/ArmGNUToolchain/13.3.rel1/arm-none-eabi/bin/../lib/gcc/arm-none-eabi/13.3.1/thumb/v6-m/nofp/libgcc.a
LOAD /Applications/ArmGNUToolchain/13.3.rel1/arm-none-eabi/bin/../lib/gcc/arm-none-eabi/13.3.1/../../../../arm-none-eabi/lib/thumb/v6-m/nofp/libc.a
LOAD /Applications/ArmGNUToolchain/13.3.rel1/arm-none-eabi/bin/../lib/gcc/arm-none-eabi/13.3.1/../../../../arm-none-eabi/lib/thumb/v6-m/nofp/libnosys.a
END GROUP
LOAD /Applications/ArmGNUToolchain/13.3.rel1/arm-none-eabi/bin/../lib/gcc/arm-none-eabi/13.3.1/thumb/v6-m/nofp/crtend.o
LOAD /Applications/ArmGNUToolchain/13.3.rel1/arm-none-eabi/bin/../lib/gcc/arm-none-eabi/13.3.1/thumb/v6-m/nofp/crtn.o
OUTPUT(boilerplate.elf elf32-littlearm)
LOAD linker stubs

.ARM.attributes
                0x00000000       0x28
 .ARM.attributes
                0x00000000       0x1e /Applications/ArmGNUToolchain/13.3.rel1/arm-none-eabi/bin/../lib/gcc/arm-none-eabi/13.3.1/thumb/v6-m/nofp/crti.o
 .ARM.attributes
                0x0000001e       0x2c /Applications/ArmGNUToolchain/13.3.rel1/arm-none-eabi/bin/../lib/gcc/arm-none-eabi/13.3.1/thumb/v6-m/nofp/crtbegin.o
 .ARM.attributes
                0x0000004a       0x2c CMakeFiles/boilerplate.dir/src/main.cpp.obj
 .ARM.attributes
                0x00000076       0x2c CMakeFiles/boilerplate.dir/Users/james/Library/CloudStorage/Dropbox/Apps/pico/pico-sdk/src/rp2_common/pico_stdlib/stdlib.c.obj
 .ARM.attributes
                0x000000a2       0x2c CMakeFiles/boilerplate.dir/Users/james/Library/CloudStorage/Dropbox/Apps/pico/pico-sdk/src/rp2_common/hardware_gpio/gpio.c.obj
 .ARM.attributes
                0x000000ce       0x2c CMakeFiles/boilerplate.dir/Users/james/Library/CloudStorage/Dropbox/Apps/pico/pico-sdk/src/rp2_common/pico_platform_panic/panic.c.obj
 .ARM.attributes
                0x000000fa       0x2c CMakeFiles/boilerplate.dir/Users/james/Library/CloudStorage/Dropbox/Apps/pico/pico-sdk/src/common/hardware_claim/claim.c.obj
 .ARM.attributes
                0x00000126       0x2c CMakeFiles/boilerplate.dir/Users/james/Library/CloudStorage/Dropbox/Apps/pico/pico-sdk/src/rp2_common/hardware_sync/sync.c.obj
 .ARM.attributes
                0x00000152       0x2c CMakeFiles/boilerplate.dir/Users/james/Library/CloudStorage/Dropbox/Apps/pico/pico-sdk/src/rp2_common/hardware_sync_spin_lock/sync_spin_lock.c.obj
 .ARM.attributes
                0x0000017e       0x2c CMakeFiles/boilerplate.dir/Users/james/Library/CloudStorage/Dropbox/Apps/pico/pico-sdk/src/rp2_common/hardware_irq/irq.c.obj
 .ARM.attributes
                0x000001aa       0x22 CMakeFiles/boilerplate.dir/Users/james/Library/CloudStorage/Dropbox/Apps/pico/pico-sdk/src/rp2_common/hardware_irq/irq_handler_chain.S.obj
 .ARM.attributes
                0x000001cc       0x2c CMakeFiles/boilerplate.dir/Users/james/Library/CloudStorage/Dropbox/Apps/pico/pico-sdk/src/common/pico_sync/lock_core.c.obj
 .ARM.attributes
                0x000001f8       0x2c CMakeFiles/boilerplate.dir/Users/james/Library/CloudStorage/Dropbox/Apps/pico/pico-sdk/src/common/pico_sync/mutex.c.obj
 .ARM.attributes
                0x00000224       0x2c CMakeFiles/boilerplate.dir/Users/james/Library/CloudStorage/Dropbox/Apps/pico/pico-sdk/src/common/pico_time/time.c.obj
 .ARM.attributes
                0x00000250       0x2c CMakeFiles/boilerplate.dir/Users/james/Library/CloudStorage/Dropbox/Apps/pico/pico-sdk/src/rp2_common/hardware_timer/timer.c.obj
 .ARM.attributes
                0x0000027c       0x2c CMakeFiles/boilerplate.dir/Users/james/Library/CloudStorage/Dropbox/Apps/pico/pico-sdk/src/rp2_common/hardware_uart/uart.c.obj
 .ARM.attributes
                0x000002a8       0x2c CMakeFiles/boilerplate.dir/Users/james/Library/CloudStorage/Dropbox/Apps/pico/pico-sdk/src/rp2_common/hardware_clocks/clocks.c.obj
 .ARM.attributes
                0x000002d4       0x2c CMakeFiles/boilerplate.dir/Users/james/Library/CloudStorage/Dropbox/Apps/pico/pico-sdk/src/rp2_common/hardware_pll/pll.c.obj
 .ARM.attributes
                0x00000300       0x2c CMakeFiles/boilerplate.dir/Users/james/Library/CloudStorage/Dropbox/Apps/pico/pico-sdk/src/rp2_common/hardware_ticks/ticks.c.obj
 .ARM.attributes
                0x0000032c       0x2c CMakeFiles/boilerplate.dir/Users/james/Library/CloudStorage/Dropbox/Apps/pico/pico-sdk/src/rp2_common/hardware_xosc/xosc.c.obj
 .ARM.attributes
                0x00000358       0x2c CMakeFiles/boilerplate.dir/Users/james/Library/CloudStorage/Dropbox/Apps/pico/pico-sdk/src/rp2_common/pico_runtime/runtime.c.obj
 .ARM.attributes
                0x00000384       0x2c CMakeFiles/boilerplate.dir/Users/james/Library/CloudStorage/Dropbox/Apps/pico/pico-sdk/src/rp2_common/pico_runtime_init/runtime_init.c.obj
 .ARM.attributes
                0x000003b0       0x2c CMakeFiles/boilerplate.dir/Users/james/Library/CloudStorage/Dropbox/Apps/pico/pico-sdk/src/rp2_common/pico_runtime_init/runtime_init_clocks.c.obj
 .ARM.attributes
                0x000003dc       0x22 CMakeFiles/boilerplate.dir/Users/james/Library/CloudStorage/Dropbox/Apps/pico/pico-sdk/src/rp2_common/pico_bit_ops/bit_ops_aeabi.S.obj
 .ARM.attributes
                0x000003fe       0x2c CMakeFiles/boilerplate.dir/Users/james/Library/CloudStorage/Dropbox/Apps/pico/pico-sdk/src/rp2_common/pico_bootrom/bootrom.c.obj
 .ARM.attributes
                0x0000042a       0x22 CMakeFiles/boilerplate.dir/Users/james/Library/CloudStorage/Dropbox/Apps/pico/pico-sdk/src/rp2_common/pico_divider/divider_hardware.S.obj
 .ARM.attributes
                0x0000044c       0x22 CMakeFiles/boilerplate.dir/Users/james/Library/CloudStorage/Dropbox/Apps/pico/pico-sdk/src/rp2_common/pico_double/double_aeabi_rp2040.S.obj
 .ARM.attributes
                0x0000046e       0x2c CMakeFiles/boilerplate.dir/Users/james/Library/CloudStorage/Dropbox/Apps/pico/pico-sdk/src/rp2_common/pico_double/double_init_rom_rp2040.c.obj
 .ARM.attributes
                0x0000049a       0x22 CMakeFiles/boilerplate.dir/Users/james/Library/CloudStorage/Dropbox/Apps/pico/pico-sdk/src/rp2_common/pico_double/double_v1_rom_shim_rp2040.S.obj
 .ARM.attributes
                0x000004bc       0x22 CMakeFiles/boilerplate.dir/Users/james/Library/CloudStorage/Dropbox/Apps/pico/pico-sdk/src/rp2_common/pico_float/float_aeabi_rp2040.S.obj
 .ARM.attributes
                0x000004de       0x2c CMakeFiles/boilerplate.dir/Users/james/Library/CloudStorage/Dropbox/Apps/pico/pico-sdk/src/rp2_common/pico_float/float_init_rom_rp2040.c.obj
 .ARM.attributes
                0x0000050a       0x22 CMakeFiles/boilerplate.dir/Users/james/Library/CloudStorage/Dropbox/Apps/pico/pico-sdk/src/rp2_common/pico_float/float_v1_rom_shim_rp2040.S.obj
 .ARM.attributes
                0x0000052c       0x22 CMakeFiles/boilerplate.dir/Users/james/Library/CloudStorage/Dropbox/Apps/pico/pico-sdk/src/rp2_common/pico_mem_ops/mem_ops_aeabi.S.obj
 .ARM.attributes
                0x0000054e       0x2c CMakeFiles/boilerplate.dir/Users/james/Library/CloudStorage/Dropbox/Apps/pico/pico-sdk/src/rp2_common/pico_standard_binary_info/standard_binary_info.c.obj
 .ARM.attributes
                0x0000057a       0x2c CMakeFiles/boilerplate.dir/Users/james/Library/CloudStorage/Dropbox/Apps/pico/pico-sdk/src/rp2_common/pico_printf/printf.c.obj
 .ARM.attributes
                0x000005a6       0x22 CMakeFiles/boilerplate.dir/Users/james/Library/CloudStorage/Dropbox/Apps/pico/pico-sdk/src/rp2_common/pico_crt0/crt0.S.obj
 .ARM.attributes
                0x000005c8       0x2c CMakeFiles/boilerplate.dir/Users/james/Library/CloudStorage/Dropbox/Apps/pico/pico-sdk/src/rp2_common/pico_clib_interface/newlib_interface.c.obj
 .ARM.attributes
                0x000005f4       0x2c CMakeFiles/boilerplate.dir/Users/james/Library/CloudStorage/Dropbox/Apps/pico/pico-sdk/src/rp2_common/pico_stdio/stdio.c.obj
 .ARM.attributes
                0x00000620       0x2c CMakeFiles/boilerplate.dir/Users/james/Library/CloudStorage/Dropbox/Apps/pico/pico-sdk/src/rp2_common/pico_stdio_uart/stdio_uart.c.obj
 .ARM.attributes
                0x0000064c       0x22 /var/folders/vk/cdq86bws31v9sfd5jc77md0h0000gn/T//ccbw3tZt.o
 .ARM.attributes
                0x0000066e       0x1e /Applications/ArmGNUToolchain/13.3.rel1/arm-none-eabi/bin/../lib/gcc/arm-none-eabi/13.3.1/thumb/v6-m/nofp/libgcc.a(_dvmd_tls.o)
 .ARM.attributes
                0x0000068c       0x2c /Applications/ArmGNUToolchain/13.3.rel1/arm-none-eabi/bin/../lib/gcc/arm-none-eabi/13.3.1/../../../../arm-none-eabi/lib/thumb/v6-m/nofp/libg.a(libc_a-strlen-stub.o)
 .ARM.attributes
                0x000006b8       0x2c /Applications/ArmGNUToolchain/13.3.rel1/arm-none-eabi/bin/../lib/gcc/arm-none-eabi/13.3.1/thumb/v6-m/nofp/crtend.o

.comment        0x00000000       0x45
 .comment       0x00000000       0x45 CMakeFiles/boilerplate.dir/src/main.cpp.obj
                                 0x46 (size before relaxing)
 .comment       0x00000045       0x46 CMakeFiles/boilerplate.dir/Users/james/Library/CloudStorage/Dropbox/Apps/pico/pico-sdk/src/rp2_common/pico_stdlib/stdlib.c.obj
 .comment       0x00000045       0x46 CMakeFiles/boilerplate.dir/Users/james/Library/CloudStorage/Dropbox/Apps/pico/pico-sdk/src/rp2_common/hardware_gpio/gpio.c.obj
 .comment       0x00000045       0x46 CMakeFiles/boilerplate.dir/Users/james/Library/CloudStorage/Dropbox/Apps/pico/pico-sdk/src/rp2_common/pico_platform_panic/panic.c.obj
 .comment       0x00000045       0x46 CMakeFiles/boilerplate.dir/Users/james/Library/CloudStorage/Dropbox/Apps/pico/pico-sdk/src/common/hardware_claim/claim.c.obj
 .comment       0x00000045       0x46 CMakeFiles/boilerplate.dir/Users/james/Library/CloudStorage/Dropbox/Apps/pico/pico-sdk/src/rp2_common/hardware_sync/sync.c.obj
 .comment       0x00000045       0x46 CMakeFiles/boilerplate.dir/Users/james/Library/CloudStorage/Dropbox/Apps/pico/pico-sdk/src/rp2_common/hardware_sync_spin_lock/sync_spin_lock.c.obj
 .comment       0x00000045       0x46 CMakeFiles/boilerplate.dir/Users/james/Library/CloudStorage/Dropbox/Apps/pico/pico-sdk/src/rp2_common/hardware_irq/irq.c.obj
 .comment       0x00000045       0x46 CMakeFiles/boilerplate.dir/Users/james/Library/CloudStorage/Dropbox/Apps/pico/pico-sdk/src/common/pico_sync/lock_core.c.obj
 .comment       0x00000045       0x46 CMakeFiles/boilerplate.dir/Users/james/Library/CloudStorage/Dropbox/Apps/pico/pico-sdk/src/common/pico_sync/mutex.c.obj
 .comment       0x00000045       0x46 CMakeFiles/boilerplate.dir/Users/james/Library/CloudStorage/Dropbox/Apps/pico/pico-sdk/src/common/pico_time/time.c.obj
 .comment       0x00000045       0x46 CMakeFiles/boilerplate.dir/Users/james/Library/CloudStorage/Dropbox/Apps/pico/pico-sdk/src/rp2_common/hardware_timer/timer.c.obj
 .comment       0x00000045       0x46 CMakeFiles/boilerplate.dir/Users/james/Library/CloudStorage/Dropbox/Apps/pico/pico-sdk/src/rp2_common/hardware_uart/uart.c.obj
 .comment       0x00000045       0x46 CMakeFiles/boilerplate.dir/Users/james/Library/CloudStorage/Dropbox/Apps/pico/pico-sdk/src/rp2_common/hardware_clocks/clocks.c.obj
 .comment       0x00000045       0x46 CMakeFiles/boilerplate.dir/Users/james/Library/CloudStorage/Dropbox/Apps/pico/pico-sdk/src/rp2_common/hardware_pll/pll.c.obj
 .comment       0x00000045       0x46 CMakeFiles/boilerplate.dir/Users/james/Library/CloudStorage/Dropbox/Apps/pico/pico-sdk/src/rp2_common/hardware_ticks/ticks.c.obj
 .comment       0x00000045       0x46 CMakeFiles/boilerplate.dir/Users/james/Library/CloudStorage/Dropbox/Apps/pico/pico-sdk/src/rp2_common/hardware_xosc/xosc.c.obj
 .comment       0x00000045       0x46 CMakeFiles/boilerplate.dir/Users/james/Library/CloudStorage/Dropbox/Apps/pico/pico-sdk/src/rp2_common/pico_runtime/runtime.c.obj
 .comment       0x00000045       0x46 CMakeFiles/boilerplate.dir/Users/james/Library/CloudStorage/Dropbox/Apps/pico/pico-sdk/src/rp2_common/pico_runtime_init/runtime_init.c.obj
 .comment       0x00000045       0x46 CMakeFiles/boilerplate.dir/Users/james/Library/CloudStorage/Dropbox/Apps/pico/pico-sdk/src/rp2_common/pico_runtime_init/runtime_init_clocks.c.obj
 .comment       0x00000045       0x46 CMakeFiles/boilerplate.dir/Users/james/Library/CloudStorage/Dropbox/Apps/pico/pico-sdk/src/rp2_common/pico_bootrom/bootrom.c.obj
 .comment       0x00000045       0x46 CMakeFiles/boilerplate.dir/Users/james/Library/CloudStorage/Dropbox/Apps/pico/pico-sdk/src/rp2_common/pico_double/double_init_rom_rp2040.c.obj
 .comment       0x00000045       0x46 CMakeFiles/boilerplate.dir/Users/james/Library/CloudStorage/Dropbox/Apps/pico/pico-sdk/src/rp2_common/pico_float/float_init_rom_rp2040.c.obj
 .comment       0x00000045       0x46 CMakeFiles/boilerplate.dir/Users/james/Library/CloudStorage/Dropbox/Apps/pico/pico-sdk/src/rp2_common/pico_standard_binary_info/standard_binary_info.c.obj
 .comment       0x00000045       0x46 CMakeFiles/boilerplate.dir/Users/james/Library/CloudStorage/Dropbox/Apps/pico/pico-sdk/src/rp2_common/pico_printf/printf.c.obj
 .comment       0x00000045       0x46 CMakeFiles/boilerplate.dir/Users/james/Library/CloudStorage/Dropbox/Apps/pico/pico-sdk/src/rp2_common/pico_clib_interface/newlib_interface.c.obj
 .comment       0x00000045       0x46 CMakeFiles/boilerplate.dir/Users/james/Library/CloudStorage/Dropbox/Apps/pico/pico-sdk/src/rp2_common/pico_stdio/stdio.c.obj
 .comment       0x00000045       0x46 CMakeFiles/boilerplate.dir/Users/james/Library/CloudStorage/Dropbox/Apps/pico/pico-sdk/src/rp2_common/pico_stdio_uart/stdio_uart.c.obj

.debug_info     0x00000000    0x1bfa9
 .debug_info    0x00000000       0xd2 CMakeFiles/boilerplate.dir/src/main.cpp.obj
 .debug_info    0x000000d2       0x9f CMakeFiles/boilerplate.dir/Users/james/Library/CloudStorage/Dropbox/Apps/pico/pico-sdk/src/rp2_common/pico_stdlib/stdlib.c.obj
 .debug_info    0x00000171     0x2437 CMakeFiles/boilerplate.dir/Users/james/Library/CloudStorage/Dropbox/Apps/pico/pico-sdk/src/rp2_common/hardware_gpio/gpio.c.obj
 .debug_info    0x000025a8      0x1bf CMakeFiles/boilerplate.dir/Users/james/Library/CloudStorage/Dropbox/Apps/pico/pico-sdk/src/rp2_common/pico_platform_panic/panic.c.obj
 .debug_info    0x00002767      0x995 CMakeFiles/boilerplate.dir/Users/james/Library/CloudStorage/Dropbox/Apps/pico/pico-sdk/src/common/hardware_claim/claim.c.obj
 .debug_info    0x000030fc      0x458 CMakeFiles/boilerplate.dir/Users/james/Library/CloudStorage/Dropbox/Apps/pico/pico-sdk/src/rp2_common/hardware_sync/sync.c.obj
 .debug_info    0x00003554      0x245 CMakeFiles/boilerplate.dir/Users/james/Library/CloudStorage/Dropbox/Apps/pico/pico-sdk/src/rp2_common/hardware_sync_spin_lock/sync_spin_lock.c.obj
 .debug_info    0x00003799     0x21a8 CMakeFiles/boilerplate.dir/Users/james/Library/CloudStorage/Dropbox/Apps/pico/pico-sdk/src/rp2_common/hardware_irq/irq.c.obj
 .debug_info    0x00005941      0x15f CMakeFiles/boilerplate.dir/Users/james/Library/CloudStorage/Dropbox/Apps/pico/pico-sdk/src/common/pico_sync/lock_core.c.obj
 .debug_info    0x00005aa0     0x2803 CMakeFiles/boilerplate.dir/Users/james/Library/CloudStorage/Dropbox/Apps/pico/pico-sdk/src/common/pico_sync/mutex.c.obj
 .debug_info    0x000082a3     0x495a CMakeFiles/boilerplate.dir/Users/james/Library/CloudStorage/Dropbox/Apps/pico/pico-sdk/src/common/pico_time/time.c.obj
 .debug_info    0x0000cbfd     0x2af8 CMakeFiles/boilerplate.dir/Users/james/Library/CloudStorage/Dropbox/Apps/pico/pico-sdk/src/rp2_common/hardware_timer/timer.c.obj
 .debug_info    0x0000f6f5     0x195f CMakeFiles/boilerplate.dir/Users/james/Library/CloudStorage/Dropbox/Apps/pico/pico-sdk/src/rp2_common/hardware_uart/uart.c.obj
 .debug_info    0x00011054     0x291d CMakeFiles/boilerplate.dir/Users/james/Library/CloudStorage/Dropbox/Apps/pico/pico-sdk/src/rp2_common/hardware_clocks/clocks.c.obj
 .debug_info    0x00013971      0x4e5 CMakeFiles/boilerplate.dir/Users/james/Library/CloudStorage/Dropbox/Apps/pico/pico-sdk/src/rp2_common/hardware_pll/pll.c.obj
 .debug_info    0x00013e56      0x248 CMakeFiles/boilerplate.dir/Users/james/Library/CloudStorage/Dropbox/Apps/pico/pico-sdk/src/rp2_common/hardware_ticks/ticks.c.obj
 .debug_info    0x0001409e      0x1cc CMakeFiles/boilerplate.dir/Users/james/Library/CloudStorage/Dropbox/Apps/pico/pico-sdk/src/rp2_common/hardware_xosc/xosc.c.obj
 .debug_info    0x0001426a      0x21a CMakeFiles/boilerplate.dir/Users/james/Library/CloudStorage/Dropbox/Apps/pico/pico-sdk/src/rp2_common/pico_runtime/runtime.c.obj
 .debug_info    0x00014484      0x795 CMakeFiles/boilerplate.dir/Users/james/Library/CloudStorage/Dropbox/Apps/pico/pico-sdk/src/rp2_common/pico_runtime_init/runtime_init.c.obj
 .debug_info    0x00014c19      0x780 CMakeFiles/boilerplate.dir/Users/james/Library/CloudStorage/Dropbox/Apps/pico/pico-sdk/src/rp2_common/pico_runtime_init/runtime_init_clocks.c.obj
 .debug_info    0x00015399       0x23 CMakeFiles/boilerplate.dir/Users/james/Library/CloudStorage/Dropbox/Apps/pico/pico-sdk/src/rp2_common/pico_bit_ops/bit_ops_aeabi.S.obj
 .debug_info    0x000153bc      0x50f CMakeFiles/boilerplate.dir/Users/james/Library/CloudStorage/Dropbox/Apps/pico/pico-sdk/src/rp2_common/pico_bootrom/bootrom.c.obj
 .debug_info    0x000158cb       0x23 CMakeFiles/boilerplate.dir/Users/james/Library/CloudStorage/Dropbox/Apps/pico/pico-sdk/src/rp2_common/pico_divider/divider_hardware.S.obj
 .debug_info    0x000158ee       0x23 CMakeFiles/boilerplate.dir/Users/james/Library/CloudStorage/Dropbox/Apps/pico/pico-sdk/src/rp2_common/pico_double/double_aeabi_rp2040.S.obj
 .debug_info    0x00015911      0x283 CMakeFiles/boilerplate.dir/Users/james/Library/CloudStorage/Dropbox/Apps/pico/pico-sdk/src/rp2_common/pico_double/double_init_rom_rp2040.c.obj
 .debug_info    0x00015b94       0x23 CMakeFiles/boilerplate.dir/Users/james/Library/CloudStorage/Dropbox/Apps/pico/pico-sdk/src/rp2_common/pico_double/double_v1_rom_shim_rp2040.S.obj
 .debug_info    0x00015bb7       0x23 CMakeFiles/boilerplate.dir/Users/james/Library/CloudStorage/Dropbox/Apps/pico/pico-sdk/src/rp2_common/pico_float/float_aeabi_rp2040.S.obj
 .debug_info    0x00015bda      0x283 CMakeFiles/boilerplate.dir/Users/james/Library/CloudStorage/Dropbox/Apps/pico/pico-sdk/src/rp2_common/pico_float/float_init_rom_rp2040.c.obj
 .debug_info    0x00015e5d       0x23 CMakeFiles/boilerplate.dir/Users/james/Library/CloudStorage/Dropbox/Apps/pico/pico-sdk/src/rp2_common/pico_float/float_v1_rom_shim_rp2040.S.obj
 .debug_info    0x00015e80       0x23 CMakeFiles/boilerplate.dir/Users/james/Library/CloudStorage/Dropbox/Apps/pico/pico-sdk/src/rp2_common/pico_mem_ops/mem_ops_aeabi.S.obj
 .debug_info    0x00015ea3      0x28e CMakeFiles/boilerplate.dir/Users/james/Library/CloudStorage/Dropbox/Apps/pico/pico-sdk/src/rp2_common/pico_standard_binary_info/standard_binary_info.c.obj
 .debug_info    0x00016131     0x211a CMakeFiles/boilerplate.dir/Users/james/Library/CloudStorage/Dropbox/Apps/pico/pico-sdk/src/rp2_common/pico_printf/printf.c.obj
 .debug_info    0x0001824b       0x23 CMakeFiles/boilerplate.dir/Users/james/Library/CloudStorage/Dropbox/Apps/pico/pico-sdk/src/rp2_common/pico_crt0/crt0.S.obj
 .debug_info    0x0001826e      0xb54 CMakeFiles/boilerplate.dir/Users/james/Library/CloudStorage/Dropbox/Apps/pico/pico-sdk/src/rp2_common/pico_clib_interface/newlib_interface.c.obj
 .debug_info    0x00018dc2     0x1cdd CMakeFiles/boilerplate.dir/Users/james/Library/CloudStorage/Dropbox/Apps/pico/pico-sdk/src/rp2_common/pico_stdio/stdio.c.obj
 .debug_info    0x0001aa9f     0x150a CMakeFiles/boilerplate.dir/Users/james/Library/CloudStorage/Dropbox/Apps/pico/pico-sdk/src/rp2_common/pico_stdio_uart/stdio_uart.c.obj

.debug_abbrev   0x00000000     0x50b3
 .debug_abbrev  0x00000000       0x8b CMakeFiles/boilerplate.dir/src/main.cpp.obj
 .debug_abbrev  0x0000008b       0x5f CMakeFiles/boilerplate.dir/Users/james/Library/CloudStorage/Dropbox/Apps/pico/pico-sdk/src/rp2_common/pico_stdlib/stdlib.c.obj
 .debug_abbrev  0x000000ea      0x4f9 CMakeFiles/boilerplate.dir/Users/james/Library/CloudStorage/Dropbox/Apps/pico/pico-sdk/src/rp2_common/hardware_gpio/gpio.c.obj
 .debug_abbrev  0x000005e3      0x12b CMakeFiles/boilerplate.dir/Users/james/Library/CloudStorage/Dropbox/Apps/pico/pico-sdk/src/rp2_common/pico_platform_panic/panic.c.obj
 .debug_abbrev  0x0000070e      0x33b CMakeFiles/boilerplate.dir/Users/james/Library/CloudStorage/Dropbox/Apps/pico/pico-sdk/src/common/hardware_claim/claim.c.obj
 .debug_abbrev  0x00000a49      0x20d CMakeFiles/boilerplate.dir/Users/james/Library/CloudStorage/Dropbox/Apps/pico/pico-sdk/src/rp2_common/hardware_sync/sync.c.obj
 .debug_abbrev  0x00000c56      0x1bb CMakeFiles/boilerplate.dir/Users/james/Library/CloudStorage/Dropbox/Apps/pico/pico-sdk/src/rp2_common/hardware_sync_spin_lock/sync_spin_lock.c.obj
 .debug_abbrev  0x00000e11      0x5ff CMakeFiles/boilerplate.dir/Users/james/Library/CloudStorage/Dropbox/Apps/pico/pico-sdk/src/rp2_common/hardware_irq/irq.c.obj
 .debug_abbrev  0x00001410       0xee CMakeFiles/boilerplate.dir/Users/james/Library/CloudStorage/Dropbox/Apps/pico/pico-sdk/src/common/pico_sync/lock_core.c.obj
 .debug_abbrev  0x000014fe      0x48c CMakeFiles/boilerplate.dir/Users/james/Library/CloudStorage/Dropbox/Apps/pico/pico-sdk/src/common/pico_sync/mutex.c.obj
 .debug_abbrev  0x0000198a      0x672 CMakeFiles/boilerplate.dir/Users/james/Library/CloudStorage/Dropbox/Apps/pico/pico-sdk/src/common/pico_time/time.c.obj
 .debug_abbrev  0x00001ffc      0x503 CMakeFiles/boilerplate.dir/Users/james/Library/CloudStorage/Dropbox/Apps/pico/pico-sdk/src/rp2_common/hardware_timer/timer.c.obj
 .debug_abbrev  0x000024ff      0x365 CMakeFiles/boilerplate.dir/Users/james/Library/CloudStorage/Dropbox/Apps/pico/pico-sdk/src/rp2_common/hardware_uart/uart.c.obj
 .debug_abbrev  0x00002864      0x4e2 CMakeFiles/boilerplate.dir/Users/james/Library/CloudStorage/Dropbox/Apps/pico/pico-sdk/src/rp2_common/hardware_clocks/clocks.c.obj
 .debug_abbrev  0x00002d46      0x1d2 CMakeFiles/boilerplate.dir/Users/james/Library/CloudStorage/Dropbox/Apps/pico/pico-sdk/src/rp2_common/hardware_pll/pll.c.obj
 .debug_abbrev  0x00002f18      0x145 CMakeFiles/boilerplate.dir/Users/james/Library/CloudStorage/Dropbox/Apps/pico/pico-sdk/src/rp2_common/hardware_ticks/ticks.c.obj
 .debug_abbrev  0x0000305d      0x11b CMakeFiles/boilerplate.dir/Users/james/Library/CloudStorage/Dropbox/Apps/pico/pico-sdk/src/rp2_common/hardware_xosc/xosc.c.obj
 .debug_abbrev  0x00003178      0x182 CMakeFiles/boilerplate.dir/Users/james/Library/CloudStorage/Dropbox/Apps/pico/pico-sdk/src/rp2_common/pico_runtime/runtime.c.obj
 .debug_abbrev  0x000032fa      0x222 CMakeFiles/boilerplate.dir/Users/james/Library/CloudStorage/Dropbox/Apps/pico/pico-sdk/src/rp2_common/pico_runtime_init/runtime_init.c.obj
 .debug_abbrev  0x0000351c      0x294 CMakeFiles/boilerplate.dir/Users/james/Library/CloudStorage/Dropbox/Apps/pico/pico-sdk/src/rp2_common/pico_runtime_init/runtime_init_clocks.c.obj
 .debug_abbrev  0x000037b0       0x12 CMakeFiles/boilerplate.dir/Users/james/Library/CloudStorage/Dropbox/Apps/pico/pico-sdk/src/rp2_common/pico_bit_ops/bit_ops_aeabi.S.obj
 .debug_abbrev  0x000037c2      0x1b9 CMakeFiles/boilerplate.dir/Users/james/Library/CloudStorage/Dropbox/Apps/pico/pico-sdk/src/rp2_common/pico_bootrom/bootrom.c.obj
 .debug_abbrev  0x0000397b       0x12 CMakeFiles/boilerplate.dir/Users/james/Library/CloudStorage/Dropbox/Apps/pico/pico-sdk/src/rp2_common/pico_divider/divider_hardware.S.obj
 .debug_abbrev  0x0000398d       0x12 CMakeFiles/boilerplate.dir/Users/james/Library/CloudStorage/Dropbox/Apps/pico/pico-sdk/src/rp2_common/pico_double/double_aeabi_rp2040.S.obj
 .debug_abbrev  0x0000399f      0x17a CMakeFiles/boilerplate.dir/Users/james/Library/CloudStorage/Dropbox/Apps/pico/pico-sdk/src/rp2_common/pico_double/double_init_rom_rp2040.c.obj
 .debug_abbrev  0x00003b19       0x12 CMakeFiles/boilerplate.dir/Users/james/Library/CloudStorage/Dropbox/Apps/pico/pico-sdk/src/rp2_common/pico_double/double_v1_rom_shim_rp2040.S.obj
 .debug_abbrev  0x00003b2b       0x12 CMakeFiles/boilerplate.dir/Users/james/Library/CloudStorage/Dropbox/Apps/pico/pico-sdk/src/rp2_common/pico_float/float_aeabi_rp2040.S.obj
 .debug_abbrev  0x00003b3d      0x173 CMakeFiles/boilerplate.dir/Users/james/Library/CloudStorage/Dropbox/Apps/pico/pico-sdk/src/rp2_common/pico_float/float_init_rom_rp2040.c.obj
 .debug_abbrev  0x00003cb0       0x12 CMakeFiles/boilerplate.dir/Users/james/Library/CloudStorage/Dropbox/Apps/pico/pico-sdk/src/rp2_common/pico_float/float_v1_rom_shim_rp2040.S.obj
 .debug_abbrev  0x00003cc2       0x12 CMakeFiles/boilerplate.dir/Users/james/Library/CloudStorage/Dropbox/Apps/pico/pico-sdk/src/rp2_common/pico_mem_ops/mem_ops_aeabi.S.obj
 .debug_abbrev  0x00003cd4       0xb8 CMakeFiles/boilerplate.dir/Users/james/Library/CloudStorage/Dropbox/Apps/pico/pico-sdk/src/rp2_common/pico_standard_binary_info/standard_binary_info.c.obj
 .debug_abbrev  0x00003d8c      0x525 CMakeFiles/boilerplate.dir/Users/james/Library/CloudStorage/Dropbox/Apps/pico/pico-sdk/src/rp2_common/pico_printf/printf.c.obj
 .debug_abbrev  0x000042b1       0x12 CMakeFiles/boilerplate.dir/Users/james/Library/CloudStorage/Dropbox/Apps/pico/pico-sdk/src/rp2_common/pico_crt0/crt0.S.obj
 .debug_abbrev  0x000042c3      0x352 CMakeFiles/boilerplate.dir/Users/james/Library/CloudStorage/Dropbox/Apps/pico/pico-sdk/src/rp2_common/pico_clib_interface/newlib_interface.c.obj
 .debug_abbrev  0x00004615      0x5eb CMakeFiles/boilerplate.dir/Users/james/Library/CloudStorage/Dropbox/Apps/pico/pico-sdk/src/rp2_common/pico_stdio/stdio.c.obj
 .debug_abbrev  0x00004c00      0x4b3 CMakeFiles/boilerplate.dir/Users/james/Library/CloudStorage/Dropbox/Apps/pico/pico-sdk/src/rp2_common/pico_stdio_uart/stdio_uart.c.obj

.debug_aranges  0x00000000      0xf18
 .debug_aranges
                0x00000000       0x20 CMakeFiles/boilerplate.dir/src/main.cpp.obj
 .debug_aranges
                0x00000020       0x20 CMakeFiles/boilerplate.dir/Users/james/Library/CloudStorage/Dropbox/Apps/pico/pico-sdk/src/rp2_common/pico_stdlib/stdlib.c.obj
 .debug_aranges
                0x00000040      0x120 CMakeFiles/boilerplate.dir/Users/james/Library/CloudStorage/Dropbox/Apps/pico/pico-sdk/src/rp2_common/hardware_gpio/gpio.c.obj
 .debug_aranges
                0x00000160       0x28 CMakeFiles/boilerplate.dir/Users/james/Library/CloudStorage/Dropbox/Apps/pico/pico-sdk/src/rp2_common/pico_platform_panic/panic.c.obj
 .debug_aranges
                0x00000188       0x48 CMakeFiles/boilerplate.dir/Users/james/Library/CloudStorage/Dropbox/Apps/pico/pico-sdk/src/common/hardware_claim/claim.c.obj
 .debug_aranges
                0x000001d0       0x48 CMakeFiles/boilerplate.dir/Users/james/Library/CloudStorage/Dropbox/Apps/pico/pico-sdk/src/rp2_common/hardware_sync/sync.c.obj
 .debug_aranges
                0x00000218       0x28 CMakeFiles/boilerplate.dir/Users/james/Library/CloudStorage/Dropbox/Apps/pico/pico-sdk/src/rp2_common/hardware_sync_spin_lock/sync_spin_lock.c.obj
 .debug_aranges
                0x00000240       0xb0 CMakeFiles/boilerplate.dir/Users/james/Library/CloudStorage/Dropbox/Apps/pico/pico-sdk/src/rp2_common/hardware_irq/irq.c.obj
 .debug_aranges
                0x000002f0       0x20 CMakeFiles/boilerplate.dir/Users/james/Library/CloudStorage/Dropbox/Apps/pico/pico-sdk/src/common/pico_sync/lock_core.c.obj
 .debug_aranges
                0x00000310       0x98 CMakeFiles/boilerplate.dir/Users/james/Library/CloudStorage/Dropbox/Apps/pico/pico-sdk/src/common/pico_sync/mutex.c.obj
 .debug_aranges
                0x000003a8       0xe0 CMakeFiles/boilerplate.dir/Users/james/Library/CloudStorage/Dropbox/Apps/pico/pico-sdk/src/common/pico_time/time.c.obj
 .debug_aranges
                0x00000488       0xf0 CMakeFiles/boilerplate.dir/Users/james/Library/CloudStorage/Dropbox/Apps/pico/pico-sdk/src/rp2_common/hardware_timer/timer.c.obj
 .debug_aranges
                0x00000578       0x58 CMakeFiles/boilerplate.dir/Users/james/Library/CloudStorage/Dropbox/Apps/pico/pico-sdk/src/rp2_common/hardware_uart/uart.c.obj
 .debug_aranges
                0x000005d0       0x90 CMakeFiles/boilerplate.dir/Users/james/Library/CloudStorage/Dropbox/Apps/pico/pico-sdk/src/rp2_common/hardware_clocks/clocks.c.obj
 .debug_aranges
                0x00000660       0x28 CMakeFiles/boilerplate.dir/Users/james/Library/CloudStorage/Dropbox/Apps/pico/pico-sdk/src/rp2_common/hardware_pll/pll.c.obj
 .debug_aranges
                0x00000688       0x30 CMakeFiles/boilerplate.dir/Users/james/Library/CloudStorage/Dropbox/Apps/pico/pico-sdk/src/rp2_common/hardware_ticks/ticks.c.obj
 .debug_aranges
                0x000006b8       0x30 CMakeFiles/boilerplate.dir/Users/james/Library/CloudStorage/Dropbox/Apps/pico/pico-sdk/src/rp2_common/hardware_xosc/xosc.c.obj
 .debug_aranges
                0x000006e8       0x38 CMakeFiles/boilerplate.dir/Users/james/Library/CloudStorage/Dropbox/Apps/pico/pico-sdk/src/rp2_common/pico_runtime/runtime.c.obj
 .debug_aranges
                0x00000720       0x48 CMakeFiles/boilerplate.dir/Users/james/Library/CloudStorage/Dropbox/Apps/pico/pico-sdk/src/rp2_common/pico_runtime_init/runtime_init.c.obj
 .debug_aranges
                0x00000768       0x20 CMakeFiles/boilerplate.dir/Users/james/Library/CloudStorage/Dropbox/Apps/pico/pico-sdk/src/rp2_common/pico_runtime_init/runtime_init_clocks.c.obj
 .debug_aranges
                0x00000788       0x60 CMakeFiles/boilerplate.dir/Users/james/Library/CloudStorage/Dropbox/Apps/pico/pico-sdk/src/rp2_common/pico_bit_ops/bit_ops_aeabi.S.obj
 .debug_aranges
                0x000007e8       0x38 CMakeFiles/boilerplate.dir/Users/james/Library/CloudStorage/Dropbox/Apps/pico/pico-sdk/src/rp2_common/pico_bootrom/bootrom.c.obj
 .debug_aranges
                0x00000820       0x40 CMakeFiles/boilerplate.dir/Users/james/Library/CloudStorage/Dropbox/Apps/pico/pico-sdk/src/rp2_common/pico_divider/divider_hardware.S.obj
 .debug_aranges
                0x00000860      0x140 CMakeFiles/boilerplate.dir/Users/james/Library/CloudStorage/Dropbox/Apps/pico/pico-sdk/src/rp2_common/pico_double/double_aeabi_rp2040.S.obj
 .debug_aranges
                0x000009a0       0x20 CMakeFiles/boilerplate.dir/Users/james/Library/CloudStorage/Dropbox/Apps/pico/pico-sdk/src/rp2_common/pico_double/double_init_rom_rp2040.c.obj
 .debug_aranges
                0x000009c0       0xc8 CMakeFiles/boilerplate.dir/Users/james/Library/CloudStorage/Dropbox/Apps/pico/pico-sdk/src/rp2_common/pico_double/double_v1_rom_shim_rp2040.S.obj
 .debug_aranges
                0x00000a88      0x130 CMakeFiles/boilerplate.dir/Users/james/Library/CloudStorage/Dropbox/Apps/pico/pico-sdk/src/rp2_common/pico_float/float_aeabi_rp2040.S.obj
 .debug_aranges
                0x00000bb8       0x20 CMakeFiles/boilerplate.dir/Users/james/Library/CloudStorage/Dropbox/Apps/pico/pico-sdk/src/rp2_common/pico_float/float_init_rom_rp2040.c.obj
 .debug_aranges
                0x00000bd8       0x50 CMakeFiles/boilerplate.dir/Users/james/Library/CloudStorage/Dropbox/Apps/pico/pico-sdk/src/rp2_common/pico_float/float_v1_rom_shim_rp2040.S.obj
 .debug_aranges
                0x00000c28       0x38 CMakeFiles/boilerplate.dir/Users/james/Library/CloudStorage/Dropbox/Apps/pico/pico-sdk/src/rp2_common/pico_mem_ops/mem_ops_aeabi.S.obj
 .debug_aranges
                0x00000c60       0x18 CMakeFiles/boilerplate.dir/Users/james/Library/CloudStorage/Dropbox/Apps/pico/pico-sdk/src/rp2_common/pico_standard_binary_info/standard_binary_info.c.obj
 .debug_aranges
                0x00000c78       0x90 CMakeFiles/boilerplate.dir/Users/james/Library/CloudStorage/Dropbox/Apps/pico/pico-sdk/src/rp2_common/pico_printf/printf.c.obj
 .debug_aranges
                0x00000d08       0x28 CMakeFiles/boilerplate.dir/Users/james/Library/CloudStorage/Dropbox/Apps/pico/pico-sdk/src/rp2_common/pico_crt0/crt0.S.obj
 .debug_aranges
                0x00000d30       0xa0 CMakeFiles/boilerplate.dir/Users/james/Library/CloudStorage/Dropbox/Apps/pico/pico-sdk/src/rp2_common/pico_clib_interface/newlib_interface.c.obj
 .debug_aranges
                0x00000dd0       0xc8 CMakeFiles/boilerplate.dir/Users/james/Library/CloudStorage/Dropbox/Apps/pico/pico-sdk/src/rp2_common/pico_stdio/stdio.c.obj
 .debug_aranges
                0x00000e98       0x80 CMakeFiles/boilerplate.dir/Users/james/Library/CloudStorage/Dropbox/Apps/pico/pico-sdk/src/rp2_common/pico_stdio_uart/stdio_uart.c.obj

.debug_rnglists
                0x00000000     0x2c62
 .debug_rnglists
                0x00000000       0x13 CMakeFiles/boilerplate.dir/src/main.cpp.obj
 .debug_rnglists
                0x00000013       0x13 CMakeFiles/boilerplate.dir/Users/james/Library/CloudStorage/Dropbox/Apps/pico/pico-sdk/src/rp2_common/pico_stdlib/stdlib.c.obj
 .debug_rnglists
                0x00000026      0x5c7 CMakeFiles/boilerplate.dir/Users/james/Library/CloudStorage/Dropbox/Apps/pico/pico-sdk/src/rp2_common/hardware_gpio/gpio.c.obj
 .debug_rnglists
                0x000005ed       0x19 CMakeFiles/boilerplate.dir/Users/james/Library/CloudStorage/Dropbox/Apps/pico/pico-sdk/src/rp2_common/pico_platform_panic/panic.c.obj
 .debug_rnglists
                0x00000606       0xc5 CMakeFiles/boilerplate.dir/Users/james/Library/CloudStorage/Dropbox/Apps/pico/pico-sdk/src/common/hardware_claim/claim.c.obj
 .debug_rnglists
                0x000006cb       0x67 CMakeFiles/boilerplate.dir/Users/james/Library/CloudStorage/Dropbox/Apps/pico/pico-sdk/src/rp2_common/hardware_sync/sync.c.obj
 .debug_rnglists
                0x00000732       0x3d CMakeFiles/boilerplate.dir/Users/james/Library/CloudStorage/Dropbox/Apps/pico/pico-sdk/src/rp2_common/hardware_sync_spin_lock/sync_spin_lock.c.obj
 .debug_rnglists
                0x0000076f      0x355 CMakeFiles/boilerplate.dir/Users/james/Library/CloudStorage/Dropbox/Apps/pico/pico-sdk/src/rp2_common/hardware_irq/irq.c.obj
 .debug_rnglists
                0x00000ac4       0x1f CMakeFiles/boilerplate.dir/Users/james/Library/CloudStorage/Dropbox/Apps/pico/pico-sdk/src/common/pico_sync/lock_core.c.obj
 .debug_rnglists
                0x00000ae3      0x32c CMakeFiles/boilerplate.dir/Users/james/Library/CloudStorage/Dropbox/Apps/pico/pico-sdk/src/common/pico_sync/mutex.c.obj
 .debug_rnglists
                0x00000e0f      0x795 CMakeFiles/boilerplate.dir/Users/james/Library/CloudStorage/Dropbox/Apps/pico/pico-sdk/src/common/pico_time/time.c.obj
 .debug_rnglists
                0x000015a4      0x2c9 CMakeFiles/boilerplate.dir/Users/james/Library/CloudStorage/Dropbox/Apps/pico/pico-sdk/src/rp2_common/hardware_timer/timer.c.obj
 .debug_rnglists
                0x0000186d      0x259 CMakeFiles/boilerplate.dir/Users/james/Library/CloudStorage/Dropbox/Apps/pico/pico-sdk/src/rp2_common/hardware_uart/uart.c.obj
 .debug_rnglists
                0x00001ac6      0x4ad CMakeFiles/boilerplate.dir/Users/james/Library/CloudStorage/Dropbox/Apps/pico/pico-sdk/src/rp2_common/hardware_clocks/clocks.c.obj
 .debug_rnglists
                0x00001f73       0x5c CMakeFiles/boilerplate.dir/Users/james/Library/CloudStorage/Dropbox/Apps/pico/pico-sdk/src/rp2_common/hardware_pll/pll.c.obj
 .debug_rnglists
                0x00001fcf       0x2b CMakeFiles/boilerplate.dir/Users/james/Library/CloudStorage/Dropbox/Apps/pico/pico-sdk/src/rp2_common/hardware_ticks/ticks.c.obj
 .debug_rnglists
                0x00001ffa       0x2b CMakeFiles/boilerplate.dir/Users/james/Library/CloudStorage/Dropbox/Apps/pico/pico-sdk/src/rp2_common/hardware_xosc/xosc.c.obj
 .debug_rnglists
                0x00002025       0x3d CMakeFiles/boilerplate.dir/Users/james/Library/CloudStorage/Dropbox/Apps/pico/pico-sdk/src/rp2_common/pico_runtime/runtime.c.obj
 .debug_rnglists
                0x00002062       0x49 CMakeFiles/boilerplate.dir/Users/james/Library/CloudStorage/Dropbox/Apps/pico/pico-sdk/src/rp2_common/pico_runtime_init/runtime_init.c.obj
 .debug_rnglists
                0x000020ab       0x20 CMakeFiles/boilerplate.dir/Users/james/Library/CloudStorage/Dropbox/Apps/pico/pico-sdk/src/rp2_common/pico_runtime_init/runtime_init_clocks.c.obj
 .debug_rnglists
                0x000020cb       0x43 CMakeFiles/boilerplate.dir/Users/james/Library/CloudStorage/Dropbox/Apps/pico/pico-sdk/src/rp2_common/pico_bit_ops/bit_ops_aeabi.S.obj
 .debug_rnglists
                0x0000210e       0xdc CMakeFiles/boilerplate.dir/Users/james/Library/CloudStorage/Dropbox/Apps/pico/pico-sdk/src/rp2_common/pico_bootrom/bootrom.c.obj
 .debug_rnglists
                0x000021ea       0x2c CMakeFiles/boilerplate.dir/Users/james/Library/CloudStorage/Dropbox/Apps/pico/pico-sdk/src/rp2_common/pico_divider/divider_hardware.S.obj
 .debug_rnglists
                0x00002216       0xed CMakeFiles/boilerplate.dir/Users/james/Library/CloudStorage/Dropbox/Apps/pico/pico-sdk/src/rp2_common/pico_double/double_aeabi_rp2040.S.obj
 .debug_rnglists
                0x00002303       0x14 CMakeFiles/boilerplate.dir/Users/james/Library/CloudStorage/Dropbox/Apps/pico/pico-sdk/src/rp2_common/pico_double/double_init_rom_rp2040.c.obj
 .debug_rnglists
                0x00002317       0x99 CMakeFiles/boilerplate.dir/Users/james/Library/CloudStorage/Dropbox/Apps/pico/pico-sdk/src/rp2_common/pico_double/double_v1_rom_shim_rp2040.S.obj
 .debug_rnglists
                0x000023b0       0xdf CMakeFiles/boilerplate.dir/Users/james/Library/CloudStorage/Dropbox/Apps/pico/pico-sdk/src/rp2_common/pico_float/float_aeabi_rp2040.S.obj
 .debug_rnglists
                0x0000248f       0x13 CMakeFiles/boilerplate.dir/Users/james/Library/CloudStorage/Dropbox/Apps/pico/pico-sdk/src/rp2_common/pico_float/float_init_rom_rp2040.c.obj
 .debug_rnglists
                0x000024a2       0x38 CMakeFiles/boilerplate.dir/Users/james/Library/CloudStorage/Dropbox/Apps/pico/pico-sdk/src/rp2_common/pico_float/float_v1_rom_shim_rp2040.S.obj
 .debug_rnglists
                0x000024da       0x25 CMakeFiles/boilerplate.dir/Users/james/Library/CloudStorage/Dropbox/Apps/pico/pico-sdk/src/rp2_common/pico_mem_ops/mem_ops_aeabi.S.obj
 .debug_rnglists
                0x000024ff      0x27c CMakeFiles/boilerplate.dir/Users/james/Library/CloudStorage/Dropbox/Apps/pico/pico-sdk/src/rp2_common/pico_printf/printf.c.obj
 .debug_rnglists
                0x0000277b       0x1b CMakeFiles/boilerplate.dir/Users/james/Library/CloudStorage/Dropbox/Apps/pico/pico-sdk/src/rp2_common/pico_crt0/crt0.S.obj
 .debug_rnglists
                0x00002796       0x7f CMakeFiles/boilerplate.dir/Users/james/Library/CloudStorage/Dropbox/Apps/pico/pico-sdk/src/rp2_common/pico_clib_interface/newlib_interface.c.obj
 .debug_rnglists
                0x00002815      0x297 CMakeFiles/boilerplate.dir/Users/james/Library/CloudStorage/Dropbox/Apps/pico/pico-sdk/src/rp2_common/pico_stdio/stdio.c.obj
 .debug_rnglists
                0x00002aac      0x1b6 CMakeFiles/boilerplate.dir/Users/james/Library/CloudStorage/Dropbox/Apps/pico/pico-sdk/src/rp2_common/pico_stdio_uart/stdio_uart.c.obj

.debug_line     0x00000000    0x17fbb
 .debug_line    0x00000000      0x18d CMakeFiles/boilerplate.dir/src/main.cpp.obj